Loaded "env" configuration for the "production" profile: no environment variables specified. Learn more: https://docs.expo.dev/build-reference/variables/
✔ Using remote Android credentials (Expo server)
ANDROID_NDK_HOME environment variable was not specified, continuing build without NDK
[SETUP_WORKINGDIR] Preparing workingdir /tmp/colo/eas-build-local-nodejs/c5b71856-8247-4790-b62a-460cd4ad98fb
[START_BUILD] Starting build
  "job": {
    "type": "managed",
    "platform": "android",
    "projectRootDirectory": ".",
    "projectArchive": {
      "type": "PATH",
      "path": "/tmp/colo/eas-cli-nodejs/2ccc996d-f35c-47ba-9140-6e853b64bf0a.tar.gz"
    },
    "builderEnvironment": {},
    "cache": {
      "disabled": false,
      "paths": [],
      "clear": false
    },
    "updates": {
      "channel": "production"
    },
    "buildType": "apk",
    "username": "colocolo",
    "experimental": {},
    "mode": "build",
    "triggeredBy": "EAS_CLI"
  }
[READ_PACKAGE_JSON] Using package.json:
[READ_PACKAGE_JSON] {
  "name": "gesca-scanner",
  "version": "1.0.0",
  "main": "index.js",
  "scripts": {
    "start": "expo start --dev-client",
    "android": "expo run:android",
    "ios": "expo run:ios",
    "web": "expo start --web"
  },
  "dependencies": {
    "@react-native-async-storage/async-storage": "1.21.0",
    "@react-navigation/drawer": "^6.6.6",
    "@react-navigation/native": "^6.1.9",
    "@react-navigation/stack": "^6.3.20",
    "babel-plugin-module-resolver": "^5.0.0",
    "eas-cli": "^7.1.1",
    "expo": "~50.0.4",
    "expo-barcode-scanner": "~12.9.2",
    "expo-camera": "~14.0.3",
    "expo-status-bar": "~1.11.1",
    "expo-updates": "~0.24.9",
    "metro-react-native-babel-preset": "^0.77.0",
    "react": "18.2.0",
    "react-native": "^0.73.2",
    "react-native-gesture-handler": "^2.14.1",
    "react-native-paper": "^5.12.3",
    "react-native-reanimated": "^3.6.2",
    "react-native-safe-area-context": "^4.8.2",
    "react-native-screens": "~3.29.0",
    "zod": "^3.22.4"
  },
  "devDependencies": {
    "@babel/core": "^7.20.0"
  },
  "private": true
}
[INSTALL_DEPENDENCIES] Running "npm install" in /tmp/colo/eas-build-local-nodejs/c5b71856-8247-4790-b62a-460cd4ad98fb/build directory
[INSTALL_DEPENDENCIES] added 1477 packages, and audited 1478 packages in 10s
[INSTALL_DEPENDENCIES] 76 packages are looking for funding
[INSTALL_DEPENDENCIES]   run `npm fund` for details
[INSTALL_DEPENDENCIES] 8 vulnerabilities (5 moderate, 3 high)
[INSTALL_DEPENDENCIES] 
[INSTALL_DEPENDENCIES] To address all issues (including breaking changes), run:
[INSTALL_DEPENDENCIES]   npm audit fix --force
[INSTALL_DEPENDENCIES] 
[INSTALL_DEPENDENCIES] Run `npm audit` for details.
[READ_APP_CONFIG] Using app configuration:
[READ_APP_CONFIG] {
  "icon": "./assets/icons/AppIcon.png",
  "plugins": [
    [
      "expo-camera",
      {
        "cameraPermission": "Allow $(PRODUCT_NAME) to access camera."
      }
    ]
  ],
  "splash": {
    "image": "./assets/icons/logo3.png",
    "resizeMode": "contain",
    "backgroundColor": "#FFFFFF"
  },
  "name": "gesca-scanner",
  "slug": "gesca-scanner",
  "version": "1.0.0",
  "assetBundlePatterns": [
    "**/*"
  ],
  "android": {
    "permissions": [
      "android.permission.CAMERA",
      "android.permission.RECORD_AUDIO"
    ],
    "package": "com.anonymous.gescascanner",
    "versionCode": 1
  },
  "extra": {
    "eas": {
      "projectId": "13273429-adf5-4da0-bfac-0e289e512d40"
    }
  },
  "runtimeVersion": {
    "policy": "appVersion"
  },
  "updates": {
    "url": "https://u.expo.dev/13273429-adf5-4da0-bfac-0e289e512d40"
  },
  "ios": {},
  "sdkVersion": "50.0.0",
  "platforms": [
    "ios",
    "android"
  ]
}
[RUN_EXPO_DOCTOR] Running "expo doctor"
[RUN_EXPO_DOCTOR] Running 10 checks on your project...
[RUN_EXPO_DOCTOR] ✔ Check Expo config for common issues
[RUN_EXPO_DOCTOR] ✔ Check package.json for common issues
[RUN_EXPO_DOCTOR] ✔ Check npm/ yarn versions
[RUN_EXPO_DOCTOR] ✔ Check dependencies for packages that should not be installed directly
[RUN_EXPO_DOCTOR] ✔ Check for common project setup issues
[RUN_EXPO_DOCTOR] ✔ Check Expo config (app.json/ app.config.js) schema
[RUN_EXPO_DOCTOR] ✔ Check for legacy global CLI installed locally
[RUN_EXPO_DOCTOR] ✔ Check that native modules do not use incompatible support packages
[RUN_EXPO_DOCTOR] ✔ Check that packages match versions required by installed Expo SDK
[RUN_EXPO_DOCTOR] ✔ Check that native modules use compatible support package versions for installed Expo SDK
[RUN_EXPO_DOCTOR] Didn't find any issues with the project!
[PREBUILD] - Creating native directory (./android)
[PREBUILD] ✔ Created native directory
[PREBUILD] - Updating package.json
[PREBUILD] ✔ Updated package.json | no changes
[PREBUILD] - Running prebuild
[PREBUILD] ✔ Finished prebuild
[PREBUILD] Running "npm install" in /tmp/colo/eas-build-local-nodejs/c5b71856-8247-4790-b62a-460cd4ad98fb/build directory
[PREBUILD] up to date, audited 1478 packages in 2s
[PREBUILD] 76 packages are looking for funding
[PREBUILD]   run `npm fund` for details
[PREBUILD] 8 vulnerabilities (5 moderate, 3 high)
[PREBUILD] 
[PREBUILD] To address all issues (including breaking changes), run:
[PREBUILD]   npm audit fix --force
[PREBUILD] 
[PREBUILD] Run `npm audit` for details.
[PREPARE_CREDENTIALS] Writing secrets to the project's directory
[PREPARE_CREDENTIALS] Injecting signing config into build.gradle
[CONFIGURE_EXPO_UPDATES] Setting the update request headers in 'AndroidManifest.xml' to '{"expo-channel-name":"production"}'
[RUN_GRADLEW] Running 'gradlew :app:assembleRelease' in /tmp/colo/eas-build-local-nodejs/c5b71856-8247-4790-b62a-460cd4ad98fb/build/android
[RUN_GRADLEW] > Task :expo-updates-gradle-plugin:pluginDescriptors
[RUN_GRADLEW] > Task :expo-updates-gradle-plugin:processResources
[RUN_GRADLEW] > Task :gradle-plugin:pluginDescriptors
[RUN_GRADLEW] > Task :gradle-plugin:processResources
[RUN_GRADLEW] > Configure project :
[RUN_GRADLEW] Path for java installation '/usr/lib/jvm/openjdk-17' (Common Linux Locations) does not contain a java executable
[RUN_GRADLEW] > Task :gradle-plugin:compileKotlin
[RUN_GRADLEW] > Task :gradle-plugin:compileJava NO-SOURCE
[RUN_GRADLEW] > Task :gradle-plugin:classes
[RUN_GRADLEW] > Task :gradle-plugin:jar
[RUN_GRADLEW] > Task :gradle-plugin:inspectClassesForKotlinIC
[RUN_GRADLEW] > Task :expo-updates-gradle-plugin:compileKotlin
[RUN_GRADLEW] > Task :expo-updates-gradle-plugin:compileJava NO-SOURCE
[RUN_GRADLEW] > Task :expo-updates-gradle-plugin:classes
[RUN_GRADLEW] > Task :expo-updates-gradle-plugin:jar
[RUN_GRADLEW] > Task :expo-updates-gradle-plugin:inspectClassesForKotlinIC
[RUN_GRADLEW] > Configure project :app
[RUN_GRADLEW] ℹ️  [33mApplying gradle plugin[0m '[32mexpo-updates-gradle-plugin[0m' (expo-updates@0.24.9)
[RUN_GRADLEW] Path for java installation '/usr/lib/jvm/openjdk-17' (Common Linux Locations) does not contain a java executable
[RUN_GRADLEW] > Configure project :expo
[RUN_GRADLEW] Using expo modules
[RUN_GRADLEW] - [32mexpo-barcode-scanner[0m (12.9.2)
[RUN_GRADLEW]   - [32mexpo-camera[0m (14.0.3)
[RUN_GRADLEW]   - [32mexpo-constants[0m (15.4.5)
[RUN_GRADLEW]   - [32mexpo-eas-client[0m (0.11.2)
[RUN_GRADLEW]   - [32mexpo-file-system[0m (16.0.5)
[RUN_GRADLEW]   - [32mexpo-font[0m (11.10.2)
[RUN_GRADLEW] - [32mexpo-image-loader[0m (4.6.0)
[RUN_GRADLEW]   - [32mexpo-json-utils[0m (0.12.3)
[RUN_GRADLEW]   - [32mexpo-keep-awake[0m (12.8.2)
[RUN_GRADLEW]   - [32mexpo-manifests[0m (0.13.2)
[RUN_GRADLEW]   - [32mexpo-modules-core[0m (1.11.8)
[RUN_GRADLEW]   - [32mexpo-modules-core$android-annotation[0m (1.11.8)
[RUN_GRADLEW]   - [32mexpo-modules-core$android-annotation-processor[0m (1.11.8)
[RUN_GRADLEW]   - [32mexpo-structured-headers[0m (3.7.2)
[RUN_GRADLEW]   - [32mexpo-updates[0m (0.24.9)
[RUN_GRADLEW] > Configure project :react-native-reanimated
[RUN_GRADLEW] Android gradle plugin: 8.1.1
[RUN_GRADLEW] Gradle: 8.3
[RUN_GRADLEW] > Task :react-native-async-storage_async-storage:preBuild UP-TO-DATE
[RUN_GRADLEW] > Task :react-native-async-storage_async-storage:preReleaseBuild UP-TO-DATE
[RUN_GRADLEW] > Task :react-native-async-storage_async-storage:mergeReleaseJniLibFolders
[RUN_GRADLEW] > Task :react-native-async-storage_async-storage:mergeReleaseNativeLibs NO-SOURCE
[RUN_GRADLEW] > Task :react-native-async-storage_async-storage:stripReleaseDebugSymbols NO-SOURCE
[RUN_GRADLEW] > Task :react-native-async-storage_async-storage:generateReleaseResValues
[RUN_GRADLEW] > Task :react-native-async-storage_async-storage:copyReleaseJniLibsProjectAndLocalJars
[RUN_GRADLEW] > Task :react-native-async-storage_async-storage:extractDeepLinksForAarRelease
[RUN_GRADLEW] > Task :react-native-async-storage_async-storage:generateReleaseBuildConfig
[RUN_GRADLEW] > Task :react-native-async-storage_async-storage:generateReleaseResources
[RUN_GRADLEW] > Task :react-native-async-storage_async-storage:packageReleaseResources
[RUN_GRADLEW] > Task :react-native-async-storage_async-storage:javaPreCompileRelease
[RUN_GRADLEW] > Task :react-native-async-storage_async-storage:mergeReleaseShaders
[RUN_GRADLEW] > Task :react-native-async-storage_async-storage:compileReleaseShaders NO-SOURCE
[RUN_GRADLEW] > Task :react-native-async-storage_async-storage:generateReleaseAssets UP-TO-DATE
[RUN_GRADLEW] > Task :react-native-async-storage_async-storage:packageReleaseAssets
[RUN_GRADLEW] > Task :react-native-async-storage_async-storage:prepareReleaseArtProfile
[RUN_GRADLEW] > Task :react-native-async-storage_async-storage:processReleaseJavaRes NO-SOURCE
[RUN_GRADLEW] > Task :react-native-async-storage_async-storage:prepareLintJarForPublish
[RUN_GRADLEW] > Task :react-native-async-storage_async-storage:writeReleaseAarMetadata
[RUN_GRADLEW] > Task :react-native-async-storage_async-storage:parseReleaseLocalResources
[RUN_GRADLEW] > Task :react-native-async-storage_async-storage:processReleaseManifest
[RUN_GRADLEW] package="com.reactnativecommunity.asyncstorage" found in source AndroidManifest.xml: /tmp/colo/eas-build-local-nodejs/c5b71856-8247-4790-b62a-460cd4ad98fb/build/node_modules/@react-native-async-storage/async-storage/android/src/main/AndroidManifest.xml.
[RUN_GRADLEW] Setting the namespace via the package attribute in the source AndroidManifest.xml is no longer supported, and the value is ignored.
[RUN_GRADLEW] Recommendation: remove package="com.reactnativecommunity.asyncstorage" from the source AndroidManifest.xml: /tmp/colo/eas-build-local-nodejs/c5b71856-8247-4790-b62a-460cd4ad98fb/build/node_modules/@react-native-async-storage/async-storage/android/src/main/AndroidManifest.xml.
[RUN_GRADLEW] > Task :react-native-async-storage_async-storage:mergeReleaseJavaResource
[RUN_GRADLEW] > Task :expo:generateExpoModulesPackageList
[RUN_GRADLEW] > Task :expo:preBuild
[RUN_GRADLEW] > Task :expo:preReleaseBuild
[RUN_GRADLEW] > Task :expo:mergeReleaseJniLibFolders
[RUN_GRADLEW] > Task :expo:mergeReleaseNativeLibs NO-SOURCE
[RUN_GRADLEW] > Task :expo:stripReleaseDebugSymbols NO-SOURCE
[RUN_GRADLEW] > Task :expo:copyReleaseJniLibsProjectAndLocalJars
[RUN_GRADLEW] > Task :expo:generateReleaseResValues
[RUN_GRADLEW] > Task :expo:extractDeepLinksForAarRelease
[RUN_GRADLEW] > Task :react-native-async-storage_async-storage:generateReleaseRFile
[RUN_GRADLEW] > Task :expo-modules-core$android-annotation:compileKotlin
[RUN_GRADLEW] > Task :react-native-async-storage_async-storage:extractReleaseAnnotations
[RUN_GRADLEW] > Task :react-native-async-storage_async-storage:compileReleaseJavaWithJavac
[RUN_GRADLEW] > Task :react-native-async-storage_async-storage:mergeReleaseGeneratedProguardFiles
[RUN_GRADLEW] > Task :react-native-async-storage_async-storage:mergeReleaseConsumerProguardFiles
[RUN_GRADLEW] > Task :react-native-async-storage_async-storage:syncReleaseLibJars
[RUN_GRADLEW] > Task :react-native-async-storage_async-storage:bundleReleaseLocalLintAar
[RUN_GRADLEW] > Task :expo-modules-core$android-annotation:compileJava NO-SOURCE
[RUN_GRADLEW] > Task :expo-modules-core$android-annotation:processResources NO-SOURCE
[RUN_GRADLEW] > Task :expo-modules-core$android-annotation:classes UP-TO-DATE
[RUN_GRADLEW] > Task :expo-modules-core$android-annotation:jar
[RUN_GRADLEW] > Task :expo-modules-core$android-annotation:inspectClassesForKotlinIC
[RUN_GRADLEW] > Task :expo-modules-core$android-annotation-processor:processResources
[RUN_GRADLEW] > Task :expo:generateReleaseBuildConfig
[RUN_GRADLEW] > Task :expo:generateReleaseResources
[RUN_GRADLEW] > Task :expo:packageReleaseResources
[RUN_GRADLEW] > Task :expo-barcode-scanner:preBuild UP-TO-DATE
[RUN_GRADLEW] > Task :expo-barcode-scanner:preReleaseBuild UP-TO-DATE
[RUN_GRADLEW] > Task :expo-barcode-scanner:generateReleaseBuildConfig
[RUN_GRADLEW] > Task :expo-barcode-scanner:generateReleaseResValues
[RUN_GRADLEW] > Task :expo-barcode-scanner:generateReleaseResources
[RUN_GRADLEW] > Task :expo:processReleaseManifest
[RUN_GRADLEW] > Task :expo:parseReleaseLocalResources
[RUN_GRADLEW] > Task :expo-barcode-scanner:packageReleaseResources
[RUN_GRADLEW] > Task :expo-barcode-scanner:parseReleaseLocalResources
[RUN_GRADLEW] > Task :expo:generateReleaseRFile
[RUN_GRADLEW] > Task :expo-modules-core:preBuild UP-TO-DATE
[RUN_GRADLEW] > Task :expo-modules-core:preReleaseBuild UP-TO-DATE
[RUN_GRADLEW] > Task :expo-modules-core:generateReleaseBuildConfig
[RUN_GRADLEW] > Task :expo-modules-core:generateReleaseResValues
[RUN_GRADLEW] > Task :expo-modules-core:generateReleaseResources
[RUN_GRADLEW] > Task :expo-barcode-scanner:processReleaseManifest
[RUN_GRADLEW] > Task :expo-modules-core:packageReleaseResources
[RUN_GRADLEW] > Task :expo-barcode-scanner:generateReleaseRFile
[RUN_GRADLEW] > Task :expo-modules-core:parseReleaseLocalResources
[RUN_GRADLEW] > Task :expo-camera:preBuild UP-TO-DATE
[RUN_GRADLEW] > Task :expo-modules-core:javaPreCompileRelease
[RUN_GRADLEW] > Task :expo-camera:preReleaseBuild UP-TO-DATE
[RUN_GRADLEW] > Task :expo-barcode-scanner:javaPreCompileRelease
[RUN_GRADLEW] > Task :expo-camera:generateReleaseBuildConfig
[RUN_GRADLEW] > Task :expo-camera:generateReleaseResValues
[RUN_GRADLEW] > Task :expo-camera:generateReleaseResources
[RUN_GRADLEW] > Task :expo-camera:packageReleaseResources
[RUN_GRADLEW] > Task :expo-camera:javaPreCompileRelease
[RUN_GRADLEW] > Task :expo-camera:parseReleaseLocalResources
[RUN_GRADLEW] > Task :expo-modules-core:processReleaseManifest
[RUN_GRADLEW] /tmp/colo/eas-build-local-nodejs/c5b71856-8247-4790-b62a-460cd4ad98fb/build/node_modules/expo-modules-core/android/src/main/AndroidManifest.xml:8:9-11:45 Warning:
[RUN_GRADLEW] 	meta-data#com.facebook.soloader.enabled@android:value was tagged at AndroidManifest.xml:8 to replace other declarations but no other declaration present
[RUN_GRADLEW] > Task :expo-camera:processReleaseManifest
[RUN_GRADLEW] > Task :expo-constants:createExpoConfig
[RUN_GRADLEW] > Task :expo-constants:preBuild
[RUN_GRADLEW] > Task :expo-constants:preReleaseBuild
[RUN_GRADLEW] > Task :expo-constants:generateReleaseBuildConfig
[RUN_GRADLEW] > Task :expo-modules-core:generateReleaseRFile
[RUN_GRADLEW] > Task :expo-constants:generateReleaseResValues
[RUN_GRADLEW] > Task :expo-camera:generateReleaseRFile
[RUN_GRADLEW] > Task :expo-modules-core$android-annotation-processor:compileKotlin
[RUN_GRADLEW] > Task :expo-modules-core$android-annotation-processor:compileJava NO-SOURCE
[RUN_GRADLEW] > Task :expo-modules-core$android-annotation-processor:classes
[RUN_GRADLEW] > Task :expo-modules-core$android-annotation-processor:jar
[RUN_GRADLEW] > Task :expo-modules-core$android-annotation-processor:inspectClassesForKotlinIC
[RUN_GRADLEW] > Task :expo-constants:generateReleaseResources
[RUN_GRADLEW] > Task :expo-constants:packageReleaseResources
[RUN_GRADLEW] > Task :expo-constants:parseReleaseLocalResources
[RUN_GRADLEW] > Task :expo-constants:javaPreCompileRelease
[RUN_GRADLEW] > Task :expo-eas-client:preBuild UP-TO-DATE
[RUN_GRADLEW] > Task :expo-eas-client:preReleaseBuild UP-TO-DATE
[RUN_GRADLEW] > Task :expo-constants:processReleaseManifest
[RUN_GRADLEW] > Task :expo-eas-client:generateReleaseBuildConfig
[RUN_GRADLEW] > Task :expo-constants:generateReleaseRFile
[RUN_GRADLEW] > Task :expo-eas-client:generateReleaseResValues
[RUN_GRADLEW] > Task :expo-eas-client:generateReleaseResources
[RUN_GRADLEW] > Task :expo-eas-client:packageReleaseResources
[RUN_GRADLEW] > Task :expo-eas-client:parseReleaseLocalResources
[RUN_GRADLEW] > Task :expo-eas-client:javaPreCompileRelease
[RUN_GRADLEW] > Task :expo-file-system:preBuild UP-TO-DATE
[RUN_GRADLEW] > Task :expo-file-system:preReleaseBuild UP-TO-DATE
[RUN_GRADLEW] > Task :expo-eas-client:processReleaseManifest
[RUN_GRADLEW] > Task :expo-file-system:generateReleaseBuildConfig
[RUN_GRADLEW] > Task :expo-file-system:generateReleaseResValues
[RUN_GRADLEW] > Task :expo-file-system:generateReleaseResources
[RUN_GRADLEW] > Task :expo-eas-client:generateReleaseRFile
[RUN_GRADLEW] > Task :expo-file-system:packageReleaseResources
[RUN_GRADLEW] > Task :expo-font:preBuild UP-TO-DATE
[RUN_GRADLEW] > Task :expo-font:preReleaseBuild UP-TO-DATE
[RUN_GRADLEW] > Task :expo-file-system:javaPreCompileRelease
[RUN_GRADLEW] > Task :expo-font:generateReleaseBuildConfig
[RUN_GRADLEW] > Task :expo-font:generateReleaseResValues
[RUN_GRADLEW] > Task :expo-font:generateReleaseResources
[RUN_GRADLEW] > Task :expo-font:packageReleaseResources
[RUN_GRADLEW] > Task :expo-file-system:processReleaseManifest
[RUN_GRADLEW] /tmp/colo/eas-build-local-nodejs/c5b71856-8247-4790-b62a-460cd4ad98fb/build/node_modules/expo-file-system/android/src/main/AndroidManifest.xml:6:9-8:20 Warning:
[RUN_GRADLEW] 	provider#expo.modules.filesystem.FileSystemFileProvider@android:authorities was tagged at AndroidManifest.xml:6 to replace other declarations but no other declaration present
[RUN_GRADLEW] > Task :expo-image-loader:preBuild UP-TO-DATE
[RUN_GRADLEW] > Task :expo-image-loader:preReleaseBuild UP-TO-DATE
[RUN_GRADLEW] > Task :expo-font:parseReleaseLocalResources
[RUN_GRADLEW] > Task :expo-font:javaPreCompileRelease
[RUN_GRADLEW] > Task :expo-font:processReleaseManifest
[RUN_GRADLEW] > Task :expo-image-loader:generateReleaseBuildConfig
[RUN_GRADLEW] > Task :expo-image-loader:generateReleaseResValues
[RUN_GRADLEW] > Task :expo-image-loader:generateReleaseResources
[RUN_GRADLEW] > Task :expo-font:generateReleaseRFile
[RUN_GRADLEW] > Task :expo-image-loader:packageReleaseResources
[RUN_GRADLEW] > Task :expo-image-loader:parseReleaseLocalResources
[RUN_GRADLEW] > Task :expo-json-utils:preBuild UP-TO-DATE
[RUN_GRADLEW] > Task :expo-json-utils:preReleaseBuild UP-TO-DATE
[RUN_GRADLEW] > Task :expo-image-loader:javaPreCompileRelease
[RUN_GRADLEW] > Task :expo-file-system:parseReleaseLocalResources
[RUN_GRADLEW] > Task :expo-json-utils:generateReleaseBuildConfig
[RUN_GRADLEW] > Task :expo-file-system:generateReleaseRFile
[RUN_GRADLEW] > Task :expo-image-loader:processReleaseManifest
[RUN_GRADLEW] > Task :expo-json-utils:generateReleaseResValues
[RUN_GRADLEW] > Task :expo-json-utils:generateReleaseResources
[RUN_GRADLEW] > Task :expo-image-loader:generateReleaseRFile
[RUN_GRADLEW] > Task :expo-json-utils:packageReleaseResources
[RUN_GRADLEW] > Task :expo-json-utils:parseReleaseLocalResources
[RUN_GRADLEW] > Task :expo-keep-awake:preBuild UP-TO-DATE
[RUN_GRADLEW] > Task :expo-keep-awake:preReleaseBuild UP-TO-DATE
[RUN_GRADLEW] > Task :expo-keep-awake:generateReleaseBuildConfig
[RUN_GRADLEW] > Task :expo-json-utils:javaPreCompileRelease
[RUN_GRADLEW] > Task :expo-json-utils:processReleaseManifest
[RUN_GRADLEW] > Task :expo-keep-awake:generateReleaseResValues
[RUN_GRADLEW] > Task :expo-keep-awake:generateReleaseResources
[RUN_GRADLEW] > Task :expo-json-utils:generateReleaseRFile
[RUN_GRADLEW] > Task :expo-keep-awake:packageReleaseResources
[RUN_GRADLEW] > Task :expo-keep-awake:parseReleaseLocalResources
[RUN_GRADLEW] > Task :expo-keep-awake:processReleaseManifest
[RUN_GRADLEW] > Task :expo-keep-awake:javaPreCompileRelease
[RUN_GRADLEW] > Task :expo-manifests:preBuild UP-TO-DATE
[RUN_GRADLEW] > Task :expo-manifests:preReleaseBuild UP-TO-DATE
[RUN_GRADLEW] > Task :expo-manifests:generateReleaseBuildConfig
[RUN_GRADLEW] > Task :expo-manifests:generateReleaseResValues
[RUN_GRADLEW] > Task :expo-manifests:generateReleaseResources
[RUN_GRADLEW] > Task :expo-keep-awake:generateReleaseRFile
[RUN_GRADLEW] > Task :expo-manifests:packageReleaseResources
[RUN_GRADLEW] > Task :expo-manifests:parseReleaseLocalResources
[RUN_GRADLEW] > Task :expo-structured-headers:preBuild UP-TO-DATE
[RUN_GRADLEW] > Task :expo-structured-headers:preReleaseBuild UP-TO-DATE
[RUN_GRADLEW] > Task :expo-manifests:javaPreCompileRelease
[RUN_GRADLEW] > Task :expo-structured-headers:generateReleaseBuildConfig
[RUN_GRADLEW] > Task :expo-structured-headers:generateReleaseResValues
[RUN_GRADLEW] > Task :expo-structured-headers:generateReleaseResources
[RUN_GRADLEW] > Task :expo-manifests:processReleaseManifest
[RUN_GRADLEW] > Task :expo-structured-headers:packageReleaseResources
[RUN_GRADLEW] > Task :expo-manifests:generateReleaseRFile
[RUN_GRADLEW] > Task :expo-updates:preBuild UP-TO-DATE
[RUN_GRADLEW] > Task :expo-updates:preReleaseBuild UP-TO-DATE
[RUN_GRADLEW] > Task :expo-structured-headers:javaPreCompileRelease
[RUN_GRADLEW] > Task :expo-updates:generateReleaseBuildConfig
[RUN_GRADLEW] > Task :expo-structured-headers:processReleaseManifest
[RUN_GRADLEW] > Task :expo-structured-headers:parseReleaseLocalResources
[RUN_GRADLEW] > Task :expo-updates:generateReleaseResValues
[RUN_GRADLEW] > Task :expo-updates:generateReleaseResources
[RUN_GRADLEW] > Task :expo-structured-headers:generateReleaseRFile
[RUN_GRADLEW] > Task :expo-updates:packageReleaseResources
[RUN_GRADLEW] > Task :expo-updates:parseReleaseLocalResources
[RUN_GRADLEW] > Task :expo-updates-interface:preBuild UP-TO-DATE
[RUN_GRADLEW] > Task :expo-updates-interface:preReleaseBuild UP-TO-DATE
[RUN_GRADLEW] > Task :expo-updates:processReleaseManifest
[RUN_GRADLEW] > Task :expo-updates-interface:generateReleaseBuildConfig
[RUN_GRADLEW] > Task :expo-updates:generateReleaseRFile
[RUN_GRADLEW] > Task :expo-updates-interface:generateReleaseResValues
[RUN_GRADLEW] > Task :expo-updates-interface:generateReleaseResources
[RUN_GRADLEW] > Task :expo-updates-interface:packageReleaseResources
[RUN_GRADLEW] > Task :expo-updates-interface:parseReleaseLocalResources
[RUN_GRADLEW] > Task :expo-updates-interface:javaPreCompileRelease
[RUN_GRADLEW] > Task :expo-updates-interface:processReleaseManifest
[RUN_GRADLEW] > Task :expo-updates:javaPreCompileRelease
[RUN_GRADLEW] > Task :expo:javaPreCompileRelease
[RUN_GRADLEW] > Task :expo-updates-interface:generateReleaseRFile
[RUN_GRADLEW] > Task :expo:mergeReleaseShaders
[RUN_GRADLEW] > Task :expo-updates-interface:compileReleaseKotlin NO-SOURCE
[RUN_GRADLEW] > Task :expo-json-utils:compileReleaseKotlin
[RUN_GRADLEW] > Task :expo-updates-interface:compileReleaseJavaWithJavac
[RUN_GRADLEW] > Task :expo-json-utils:compileReleaseJavaWithJavac
[RUN_GRADLEW] > Task :expo:compileReleaseShaders NO-SOURCE
[RUN_GRADLEW] > Task :expo:generateReleaseAssets UP-TO-DATE
[RUN_GRADLEW] > Task :expo-updates-interface:bundleLibCompileToJarRelease
[RUN_GRADLEW] > Task :expo-json-utils:bundleLibCompileToJarRelease
[RUN_GRADLEW] > Task :expo:packageReleaseAssets
[RUN_GRADLEW] > Task :expo:prepareLintJarForPublish
[RUN_GRADLEW] > Task :expo:prepareReleaseArtProfile
[RUN_GRADLEW] > Task :react-native-gesture-handler:preBuild UP-TO-DATE
[RUN_GRADLEW] > Task :react-native-gesture-handler:preReleaseBuild UP-TO-DATE
[RUN_GRADLEW] > Task :expo:writeReleaseAarMetadata
[RUN_GRADLEW] > Task :react-native-gesture-handler:mergeReleaseJniLibFolders
[RUN_GRADLEW] > Task :react-native-gesture-handler:mergeReleaseNativeLibs NO-SOURCE
[RUN_GRADLEW] > Task :react-native-gesture-handler:stripReleaseDebugSymbols NO-SOURCE
[RUN_GRADLEW] > Task :react-native-gesture-handler:copyReleaseJniLibsProjectAndLocalJars
[RUN_GRADLEW] > Task :react-native-gesture-handler:generateReleaseResValues
[RUN_GRADLEW] > Task :react-native-gesture-handler:extractDeepLinksForAarRelease
[RUN_GRADLEW] > Task :react-native-gesture-handler:generateReleaseBuildConfig
[RUN_GRADLEW] > Task :react-native-gesture-handler:generateReleaseResources
[RUN_GRADLEW] > Task :react-native-gesture-handler:packageReleaseResources
[RUN_GRADLEW] > Task :react-native-gesture-handler:parseReleaseLocalResources
[RUN_GRADLEW] > Task :react-native-reanimated:assertLatestReactNativeWithNewArchitectureTask SKIPPED
[RUN_GRADLEW] > Task :react-native-reanimated:assertMinimalReactNativeVersionTask SKIPPED
[RUN_GRADLEW] > Task :react-native-gesture-handler:processReleaseManifest
[RUN_GRADLEW] package="com.swmansion.gesturehandler" found in source AndroidManifest.xml: /tmp/colo/eas-build-local-nodejs/c5b71856-8247-4790-b62a-460cd4ad98fb/build/node_modules/react-native-gesture-handler/android/src/main/AndroidManifest.xml.
[RUN_GRADLEW] Setting the namespace via the package attribute in the source AndroidManifest.xml is no longer supported, and the value is ignored.
[RUN_GRADLEW] Recommendation: remove package="com.swmansion.gesturehandler" from the source AndroidManifest.xml: /tmp/colo/eas-build-local-nodejs/c5b71856-8247-4790-b62a-460cd4ad98fb/build/node_modules/react-native-gesture-handler/android/src/main/AndroidManifest.xml.
[RUN_GRADLEW] > Task :react-native-reanimated:prepareHeadersForPrefab
[RUN_GRADLEW] > Task :react-native-reanimated:preBuild
[RUN_GRADLEW] > Task :react-native-reanimated:preReleaseBuild
[RUN_GRADLEW] > Task :react-native-reanimated:generateReleaseBuildConfig
[RUN_GRADLEW] > Task :react-native-reanimated:generateReleaseResValues
[RUN_GRADLEW] > Task :react-native-reanimated:generateReleaseResources
[RUN_GRADLEW] > Task :react-native-gesture-handler:generateReleaseRFile
[RUN_GRADLEW] > Task :react-native-reanimated:packageReleaseResources
[RUN_GRADLEW] > Task :react-native-reanimated:parseReleaseLocalResources
[RUN_GRADLEW] > Task :react-native-reanimated:javaPreCompileRelease
[RUN_GRADLEW] > Task :react-native-reanimated:packageNdkLibs NO-SOURCE
[RUN_GRADLEW] > Task :react-native-reanimated:processReleaseManifest
[RUN_GRADLEW] package="com.swmansion.reanimated" found in source AndroidManifest.xml: /tmp/colo/eas-build-local-nodejs/c5b71856-8247-4790-b62a-460cd4ad98fb/build/node_modules/react-native-reanimated/android/src/main/AndroidManifest.xml.
[RUN_GRADLEW] Setting the namespace via the package attribute in the source AndroidManifest.xml is no longer supported, and the value is ignored.
[RUN_GRADLEW] Recommendation: remove package="com.swmansion.reanimated" from the source AndroidManifest.xml: /tmp/colo/eas-build-local-nodejs/c5b71856-8247-4790-b62a-460cd4ad98fb/build/node_modules/react-native-reanimated/android/src/main/AndroidManifest.xml.
[RUN_GRADLEW] > Task :react-native-gesture-handler:javaPreCompileRelease
[RUN_GRADLEW] > Task :react-native-gesture-handler:mergeReleaseShaders
[RUN_GRADLEW] > Task :react-native-gesture-handler:compileReleaseShaders NO-SOURCE
[RUN_GRADLEW] > Task :react-native-gesture-handler:generateReleaseAssets UP-TO-DATE
[RUN_GRADLEW] > Task :react-native-gesture-handler:packageReleaseAssets
[RUN_GRADLEW] > Task :react-native-reanimated:generateReleaseRFile
[RUN_GRADLEW] > Task :react-native-gesture-handler:prepareLintJarForPublish
[RUN_GRADLEW] > Task :react-native-reanimated:compileReleaseJavaWithJavac
[RUN_GRADLEW] > Task :react-native-gesture-handler:prepareReleaseArtProfile
[RUN_GRADLEW] > Task :react-native-gesture-handler:writeReleaseAarMetadata
[RUN_GRADLEW] > Task :react-native-reanimated:bundleLibCompileToJarRelease
[RUN_GRADLEW] > Task :expo-manifests:compileReleaseKotlin
[RUN_GRADLEW] w: file:///tmp/colo/eas-build-local-nodejs/c5b71856-8247-4790-b62a-460cd4ad98fb/build/node_modules/expo-manifests/android/src/main/java/expo/modules/manifests/core/BaseLegacyManifest.kt:10:16 This declaration overrides deprecated member but not marked as deprecated itself. This deprecation won't be inherited in future releases. Please add @Deprecated annotation or suppress. See https://youtrack.jetbrains.com/issue/KT-47902 for details
[RUN_GRADLEW] w: file:///tmp/colo/eas-build-local-nodejs/c5b71856-8247-4790-b62a-460cd4ad98fb/build/node_modules/expo-manifests/android/src/main/java/expo/modules/manifests/core/BaseLegacyManifest.kt:10:86 'getLegacyID(): String' is deprecated. Prefer scopeKey or projectId depending on use case
[RUN_GRADLEW] w: file:///tmp/colo/eas-build-local-nodejs/c5b71856-8247-4790-b62a-460cd4ad98fb/build/node_modules/expo-manifests/android/src/main/java/expo/modules/manifests/core/BaseLegacyManifest.kt:12:72 'getStableLegacyID(): String?' is deprecated. Overrides deprecated member in 'expo.modules.manifests.core.Manifest'. Prefer scopeKey or projectId depending on use case
[RUN_GRADLEW] w: file:///tmp/colo/eas-build-local-nodejs/c5b71856-8247-4790-b62a-460cd4ad98fb/build/node_modules/expo-manifests/android/src/main/java/expo/modules/manifests/core/Manifest.kt:28:12 'getRawJson(): JSONObject' is deprecated. Prefer to use specific field getters
[RUN_GRADLEW] w: file:///tmp/colo/eas-build-local-nodejs/c5b71856-8247-4790-b62a-460cd4ad98fb/build/node_modules/expo-manifests/android/src/main/java/expo/modules/manifests/core/Manifest.kt:238:65 Elvis operator (?:) always returns the left operand of non-nullable type List<PluginType>
[RUN_GRADLEW] w: file:///tmp/colo/eas-build-local-nodejs/c5b71856-8247-4790-b62a-460cd4ad98fb/build/node_modules/expo-manifests/android/src/main/java/expo/modules/manifests/core/NewManifest.kt:18:16 This declaration overrides deprecated member but not marked as deprecated itself. This deprecation won't be inherited in future releases. Please add @Deprecated annotation or suppress. See https://youtrack.jetbrains.com/issue/KT-47902 for details
[RUN_GRADLEW] w: file:///tmp/colo/eas-build-local-nodejs/c5b71856-8247-4790-b62a-460cd4ad98fb/build/node_modules/expo-manifests/android/src/main/java/expo/modules/manifests/core/NewManifest.kt:52:72 'getSDKVersionFromRuntimeVersion(): String?' is deprecated. exposdk:... runtime version is deprecated
[RUN_GRADLEW] > Task :react-native-reanimated:configureCMakeRelWithDebInfo[arm64-v8a]
[RUN_GRADLEW] > Task :expo-manifests:compileReleaseJavaWithJavac
[RUN_GRADLEW] > Task :expo-manifests:bundleLibCompileToJarRelease
[RUN_GRADLEW] > Task :react-native-gesture-handler:compileReleaseKotlin
[RUN_GRADLEW] w: file:///tmp/colo/eas-build-local-nodejs/c5b71856-8247-4790-b62a-460cd4ad98fb/build/node_modules/react-native-gesture-handler/android/src/main/java/com/swmansion/gesturehandler/core/GestureHandler.kt:770:11 Name shadowed: size
[RUN_GRADLEW] w: file:///tmp/colo/eas-build-local-nodejs/c5b71856-8247-4790-b62a-460cd4ad98fb/build/node_modules/react-native-gesture-handler/android/src/main/java/com/swmansion/gesturehandler/react/RNGestureHandlerButtonViewManager.kt:23:46 'ReactModule' is deprecated. Deprecated in Java
[RUN_GRADLEW] w: file:///tmp/colo/eas-build-local-nodejs/c5b71856-8247-4790-b62a-460cd4ad98fb/build/node_modules/react-native-gesture-handler/android/src/main/java/com/swmansion/gesturehandler/react/RNGestureHandlerButtonViewManager.kt:35:2 'ReactModule' is deprecated. Deprecated in Java
[RUN_GRADLEW] w: file:///tmp/colo/eas-build-local-nodejs/c5b71856-8247-4790-b62a-460cd4ad98fb/build/node_modules/react-native-gesture-handler/android/src/main/java/com/swmansion/gesturehandler/react/RNGestureHandlerEnabledRootView.kt:9:51 Unreachable code
[RUN_GRADLEW] w: file:///tmp/colo/eas-build-local-nodejs/c5b71856-8247-4790-b62a-460cd4ad98fb/build/node_modules/react-native-gesture-handler/android/src/main/java/com/swmansion/gesturehandler/react/RNGestureHandlerEnabledRootView.kt:10:80 Unreachable code
[RUN_GRADLEW] w: file:///tmp/colo/eas-build-local-nodejs/c5b71856-8247-4790-b62a-460cd4ad98fb/build/node_modules/react-native-gesture-handler/android/src/main/java/com/swmansion/gesturehandler/react/RNGestureHandlerModule.kt:14:46 'ReactModule' is deprecated. Deprecated in Java
[RUN_GRADLEW] w: file:///tmp/colo/eas-build-local-nodejs/c5b71856-8247-4790-b62a-460cd4ad98fb/build/node_modules/react-native-gesture-handler/android/src/main/java/com/swmansion/gesturehandler/react/RNGestureHandlerRootHelper.kt:80:18 'onChildStartedNativeGesture(MotionEvent!): Unit' is deprecated. Deprecated in Java
[RUN_GRADLEW] w: file:///tmp/colo/eas-build-local-nodejs/c5b71856-8247-4790-b62a-460cd4ad98fb/build/node_modules/react-native-gesture-handler/android/src/main/java/com/swmansion/gesturehandler/react/RNGestureHandlerRootHelper.kt:86:42 Parameter 'disallowIntercept' is never used
[RUN_GRADLEW] w: file:///tmp/colo/eas-build-local-nodejs/c5b71856-8247-4790-b62a-460cd4ad98fb/build/node_modules/react-native-gesture-handler/android/src/main/java/com/swmansion/gesturehandler/react/RNGestureHandlerRootHelper.kt:118:28 Parameter 'viewTag' is never used
[RUN_GRADLEW] w: file:///tmp/colo/eas-build-local-nodejs/c5b71856-8247-4790-b62a-460cd4ad98fb/build/node_modules/react-native-gesture-handler/android/src/main/java/com/swmansion/gesturehandler/react/RNGestureHandlerRootViewManager.kt:3:46 'ReactModule' is deprecated. Deprecated in Java
[RUN_GRADLEW] w: file:///tmp/colo/eas-build-local-nodejs/c5b71856-8247-4790-b62a-460cd4ad98fb/build/node_modules/react-native-gesture-handler/android/src/main/java/com/swmansion/gesturehandler/react/RNGestureHandlerRootViewManager.kt:15:2 'ReactModule' is deprecated. Deprecated in Java
[RUN_GRADLEW] w: file:///tmp/colo/eas-build-local-nodejs/c5b71856-8247-4790-b62a-460cd4ad98fb/build/node_modules/react-native-gesture-handler/android/src/main/java/com/swmansion/gesturehandler/react/RNGestureHandlerTouchEvent.kt:7:44 'RCTEventEmitter' is deprecated. Deprecated in Java
[RUN_GRADLEW] w: file:///tmp/colo/eas-build-local-nodejs/c5b71856-8247-4790-b62a-460cd4ad98fb/build/node_modules/react-native-gesture-handler/android/src/main/java/com/swmansion/gesturehandler/react/RNGestureHandlerTouchEvent.kt:14:11 'init(Int): Unit' is deprecated. Deprecated in Java
[RUN_GRADLEW] w: file:///tmp/colo/eas-build-local-nodejs/c5b71856-8247-4790-b62a-460cd4ad98fb/build/node_modules/react-native-gesture-handler/android/src/main/java/com/swmansion/gesturehandler/react/RNGestureHandlerTouchEvent.kt:30:42 'RCTEventEmitter' is deprecated. Deprecated in Java
[RUN_GRADLEW] w: file:///tmp/colo/eas-build-local-nodejs/c5b71856-8247-4790-b62a-460cd4ad98fb/build/node_modules/react-native-gesture-handler/android/src/main/java/com/swmansion/gesturehandler/react/RNGestureHandlerTouchEvent.kt:31:21 'receiveEvent(Int, String!, WritableMap?): Unit' is deprecated. Deprecated in Java
[RUN_GRADLEW] > Task :react-native-reanimated:buildCMakeRelWithDebInfo[arm64-v8a]
[RUN_GRADLEW] > Task :react-native-gesture-handler:extractReleaseAnnotations
[RUN_GRADLEW] > Task :react-native-gesture-handler:compileReleaseJavaWithJavac
[RUN_GRADLEW] > Task :react-native-gesture-handler:mergeReleaseGeneratedProguardFiles
[RUN_GRADLEW] > Task :react-native-gesture-handler:mergeReleaseConsumerProguardFiles
[RUN_GRADLEW] > Task :react-native-gesture-handler:processReleaseJavaRes
[RUN_GRADLEW] > Task :react-native-gesture-handler:mergeReleaseJavaResource
[RUN_GRADLEW] > Task :react-native-reanimated:configureCMakeRelWithDebInfo[armeabi-v7a]
[RUN_GRADLEW] > Task :react-native-gesture-handler:syncReleaseLibJars
[RUN_GRADLEW] > Task :react-native-gesture-handler:bundleReleaseLocalLintAar
[RUN_GRADLEW] > Task :expo-modules-core:compileReleaseKotlin
[RUN_GRADLEW] w: file:///tmp/colo/eas-build-local-nodejs/c5b71856-8247-4790-b62a-460cd4ad98fb/build/node_modules/expo-modules-core/android/src/main/java/expo/modules/core/utilities/EmulatorUtilities.kt:30:13 'SERIAL: String!' is deprecated. Deprecated in Java
[RUN_GRADLEW] w: file:///tmp/colo/eas-build-local-nodejs/c5b71856-8247-4790-b62a-460cd4ad98fb/build/node_modules/expo-modules-core/android/src/main/java/expo/modules/kotlin/AppContext.kt:151:13 Variable 'catalystInstance' is never used
[RUN_GRADLEW] w: file:///tmp/colo/eas-build-local-nodejs/c5b71856-8247-4790-b62a-460cd4ad98fb/build/node_modules/expo-modules-core/android/src/main/java/expo/modules/kotlin/ExpoModulesHelper.kt:11:21 'newInstance(): T!' is deprecated. Deprecated in Java
[RUN_GRADLEW] w: file:///tmp/colo/eas-build-local-nodejs/c5b71856-8247-4790-b62a-460cd4ad98fb/build/node_modules/expo-modules-core/android/src/main/java/expo/modules/kotlin/Promise.kt:72:18 This declaration overrides deprecated member but not marked as deprecated itself. This deprecation won't be inherited in future releases. Please add @Deprecated annotation or suppress. See https://youtrack.jetbrains.com/issue/KT-47902 for details
[RUN_GRADLEW] w: file:///tmp/colo/eas-build-local-nodejs/c5b71856-8247-4790-b62a-460cd4ad98fb/build/node_modules/expo-modules-core/android/src/main/java/expo/modules/kotlin/Utils.kt:8:3 Expected performance impact from inlining is insignificant. Inlining works best for functions with parameters of functional types
[RUN_GRADLEW] w: file:///tmp/colo/eas-build-local-nodejs/c5b71856-8247-4790-b62a-460cd4ad98fb/build/node_modules/expo-modules-core/android/src/main/java/expo/modules/kotlin/activityresult/ActivityResultsManager.kt:51:24 Parameter 'activity' is never used
[RUN_GRADLEW] w: file:///tmp/colo/eas-build-local-nodejs/c5b71856-8247-4790-b62a-460cd4ad98fb/build/node_modules/expo-modules-core/android/src/main/java/expo/modules/kotlin/activityresult/AppContextActivityResultRegistry.kt:119:51 'getParcelableExtra(String!): T?' is deprecated. Deprecated in Java
[RUN_GRADLEW] w: file:///tmp/colo/eas-build-local-nodejs/c5b71856-8247-4790-b62a-460cd4ad98fb/build/node_modules/expo-modules-core/android/src/main/java/expo/modules/kotlin/activityresult/AppContextActivityResultRegistry.kt:186:26 'getParcelable(String?): T?' is deprecated. Deprecated in Java
[RUN_GRADLEW] w: file:///tmp/colo/eas-build-local-nodejs/c5b71856-8247-4790-b62a-460cd4ad98fb/build/node_modules/expo-modules-core/android/src/main/java/expo/modules/kotlin/activityresult/AppContextActivityResultRegistry.kt:277:83 'getParcelable(String?): T?' is deprecated. Deprecated in Java
[RUN_GRADLEW] w: file:///tmp/colo/eas-build-local-nodejs/c5b71856-8247-4790-b62a-460cd4ad98fb/build/node_modules/expo-modules-core/android/src/main/java/expo/modules/kotlin/activityresult/DataPersistor.kt:67:20 'getSerializable(String?): Serializable?' is deprecated. Deprecated in Java
[RUN_GRADLEW] w: file:///tmp/colo/eas-build-local-nodejs/c5b71856-8247-4790-b62a-460cd4ad98fb/build/node_modules/expo-modules-core/android/src/main/java/expo/modules/kotlin/activityresult/DataPersistor.kt:85:26 'getSerializable(String?): Serializable?' is deprecated. Deprecated in Java
[RUN_GRADLEW] w: file:///tmp/colo/eas-build-local-nodejs/c5b71856-8247-4790-b62a-460cd4ad98fb/build/node_modules/expo-modules-core/android/src/main/java/expo/modules/kotlin/devtools/cdp/CdpNetworkTypes.kt:186:54 Parameter 'request' is never used
[RUN_GRADLEW] w: file:///tmp/colo/eas-build-local-nodejs/c5b71856-8247-4790-b62a-460cd4ad98fb/build/node_modules/expo-modules-core/android/src/main/java/expo/modules/kotlin/devtools/cdp/CdpNetworkTypes.kt:210:54 Parameter 'request' is never used
[RUN_GRADLEW] w: file:///tmp/colo/eas-build-local-nodejs/c5b71856-8247-4790-b62a-460cd4ad98fb/build/node_modules/expo-modules-core/android/src/main/java/expo/modules/kotlin/devtools/cdp/CdpNetworkTypes.kt:230:15 Parameter 'now' is never used
[RUN_GRADLEW] w: file:///tmp/colo/eas-build-local-nodejs/c5b71856-8247-4790-b62a-460cd4ad98fb/build/node_modules/expo-modules-core/android/src/main/java/expo/modules/kotlin/devtools/cdp/CdpNetworkTypes.kt:230:54 Parameter 'request' is never used
[RUN_GRADLEW] w: file:///tmp/colo/eas-build-local-nodejs/c5b71856-8247-4790-b62a-460cd4ad98fb/build/node_modules/expo-modules-core/android/src/main/java/expo/modules/kotlin/events/KModuleEventEmitterWrapper.kt:90:7 'constructor Event<T : Event<(raw) Event<*>>!>(Int)' is deprecated. Deprecated in Java
[RUN_GRADLEW] w: file:///tmp/colo/eas-build-local-nodejs/c5b71856-8247-4790-b62a-460cd4ad98fb/build/node_modules/expo-modules-core/android/src/main/java/expo/modules/kotlin/jni/JavaScriptObject.kt:90:33 Parameter 'null' is never used
[RUN_GRADLEW] w: file:///tmp/colo/eas-build-local-nodejs/c5b71856-8247-4790-b62a-460cd4ad98fb/build/node_modules/expo-modules-core/android/src/main/java/expo/modules/kotlin/jni/JavaScriptObject.kt:91:34 Parameter 'null' is never used
[RUN_GRADLEW] w: file:///tmp/colo/eas-build-local-nodejs/c5b71856-8247-4790-b62a-460cd4ad98fb/build/node_modules/expo-modules-core/android/src/main/java/expo/modules/kotlin/jni/JavaScriptObject.kt:132:5 Parameter 'null' is never used
[RUN_GRADLEW] w: file:///tmp/colo/eas-build-local-nodejs/c5b71856-8247-4790-b62a-460cd4ad98fb/build/node_modules/expo-modules-core/android/src/main/java/expo/modules/kotlin/sharedobjects/SharedObjectRegistry.kt:54:35 Destructured parameter 'js' is never used
[RUN_GRADLEW] w: file:///tmp/colo/eas-build-local-nodejs/c5b71856-8247-4790-b62a-460cd4ad98fb/build/node_modules/expo-modules-core/android/src/main/java/expo/modules/kotlin/tracing/ExpoTrace.kt:33:1 Expected performance impact from inlining is insignificant. Inlining works best for functions with parameters of functional types
[RUN_GRADLEW] w: file:///tmp/colo/eas-build-local-nodejs/c5b71856-8247-4790-b62a-460cd4ad98fb/build/node_modules/expo-modules-core/android/src/main/java/expo/modules/kotlin/tracing/ExpoTrace.kt:40:1 Expected performance impact from inlining is insignificant. Inlining works best for functions with parameters of functional types
[RUN_GRADLEW] w: file:///tmp/colo/eas-build-local-nodejs/c5b71856-8247-4790-b62a-460cd4ad98fb/build/node_modules/expo-modules-core/android/src/main/java/expo/modules/kotlin/tracing/ExpoTrace.kt:50:1 Expected performance impact from inlining is insignificant. Inlining works best for functions with parameters of functional types
[RUN_GRADLEW] w: file:///tmp/colo/eas-build-local-nodejs/c5b71856-8247-4790-b62a-460cd4ad98fb/build/node_modules/expo-modules-core/android/src/main/java/expo/modules/kotlin/tracing/ExpoTrace.kt:56:1 Expected performance impact from inlining is insignificant. Inlining works best for functions with parameters of functional types
[RUN_GRADLEW] w: file:///tmp/colo/eas-build-local-nodejs/c5b71856-8247-4790-b62a-460cd4ad98fb/build/node_modules/expo-modules-core/android/src/main/java/expo/modules/kotlin/types/Either.kt:76:12 Parameter 'type' is never used
[RUN_GRADLEW] w: file:///tmp/colo/eas-build-local-nodejs/c5b71856-8247-4790-b62a-460cd4ad98fb/build/node_modules/expo-modules-core/android/src/main/java/expo/modules/kotlin/types/Either.kt:79:12 Parameter 'type' is never used
[RUN_GRADLEW] w: file:///tmp/colo/eas-build-local-nodejs/c5b71856-8247-4790-b62a-460cd4ad98fb/build/node_modules/expo-modules-core/android/src/main/java/expo/modules/kotlin/types/Either.kt:82:11 Parameter 'type' is never used
[RUN_GRADLEW] w: file:///tmp/colo/eas-build-local-nodejs/c5b71856-8247-4790-b62a-460cd4ad98fb/build/node_modules/expo-modules-core/android/src/main/java/expo/modules/kotlin/types/Either.kt:85:11 Parameter 'type' is never used
[RUN_GRADLEW] w: file:///tmp/colo/eas-build-local-nodejs/c5b71856-8247-4790-b62a-460cd4ad98fb/build/node_modules/expo-modules-core/android/src/main/java/expo/modules/kotlin/types/Either.kt:99:12 Parameter 'type' is never used
[RUN_GRADLEW] w: file:///tmp/colo/eas-build-local-nodejs/c5b71856-8247-4790-b62a-460cd4ad98fb/build/node_modules/expo-modules-core/android/src/main/java/expo/modules/kotlin/types/Either.kt:102:11 Parameter 'type' is never used
[RUN_GRADLEW] w: file:///tmp/colo/eas-build-local-nodejs/c5b71856-8247-4790-b62a-460cd4ad98fb/build/node_modules/expo-modules-core/android/src/main/java/expo/modules/kotlin/types/Either.kt:114:12 Parameter 'type' is never used
[RUN_GRADLEW] w: file:///tmp/colo/eas-build-local-nodejs/c5b71856-8247-4790-b62a-460cd4ad98fb/build/node_modules/expo-modules-core/android/src/main/java/expo/modules/kotlin/types/Either.kt:117:11 Parameter 'type' is never used
[RUN_GRADLEW] w: file:///tmp/colo/eas-build-local-nodejs/c5b71856-8247-4790-b62a-460cd4ad98fb/build/node_modules/expo-modules-core/android/src/main/java/expo/modules/kotlin/types/JSTypeConverterHelper.kt:44:17 'get(String!): Any?' is deprecated. Deprecated in Java
[RUN_GRADLEW] w: file:///tmp/colo/eas-build-local-nodejs/c5b71856-8247-4790-b62a-460cd4ad98fb/build/node_modules/expo-modules-core/android/src/main/java/expo/modules/kotlin/types/TypeConverterProvider.kt:175:46 'newInstance(): T!' is deprecated. Deprecated in Java
[RUN_GRADLEW] > Task :react-native-reanimated:buildCMakeRelWithDebInfo[armeabi-v7a]
[RUN_GRADLEW] > Task :expo-modules-core:compileReleaseJavaWithJavac
[RUN_GRADLEW] > Task :expo-modules-core:bundleLibCompileToJarRelease
[RUN_GRADLEW] > Task :react-native-reanimated:configureCMakeRelWithDebInfo[x86]
[RUN_GRADLEW] > Task :expo-eas-client:compileReleaseKotlin
[RUN_GRADLEW] > Task :expo-eas-client:compileReleaseJavaWithJavac
[RUN_GRADLEW] > Task :expo-eas-client:bundleLibCompileToJarRelease
[RUN_GRADLEW] > Task :expo-structured-headers:compileReleaseKotlin NO-SOURCE
[RUN_GRADLEW] > Task :expo-font:compileReleaseKotlin
[RUN_GRADLEW] > Task :expo-constants:compileReleaseKotlin
[RUN_GRADLEW] w: file:///tmp/colo/eas-build-local-nodejs/c5b71856-8247-4790-b62a-460cd4ad98fb/build/node_modules/expo-constants/android/src/main/java/expo/modules/constants/ConstantsService.kt:127:14 'versionCode: Int' is deprecated. Deprecated in Java
[RUN_GRADLEW] > Task :expo-image-loader:compileReleaseKotlin
[RUN_GRADLEW] > Task :expo-keep-awake:compileReleaseKotlin
[RUN_GRADLEW] > Task :expo-structured-headers:compileReleaseJavaWithJavac
[RUN_GRADLEW] > Task :expo-constants:compileReleaseJavaWithJavac
[RUN_GRADLEW] > Task :expo-constants:bundleLibCompileToJarRelease
[RUN_GRADLEW] > Task :expo-font:compileReleaseJavaWithJavac
[RUN_GRADLEW] > Task :expo-font:bundleLibCompileToJarRelease
[RUN_GRADLEW] > Task :expo-image-loader:compileReleaseJavaWithJavac
[RUN_GRADLEW] > Task :expo-image-loader:bundleLibCompileToJarRelease
[RUN_GRADLEW] > Task :expo-keep-awake:compileReleaseJavaWithJavac
[RUN_GRADLEW] > Task :expo-keep-awake:bundleLibCompileToJarRelease
[RUN_GRADLEW] > Task :expo-structured-headers:bundleLibCompileToJarRelease
[RUN_GRADLEW] > Task :expo-barcode-scanner:compileReleaseKotlin
[RUN_GRADLEW] w: file:///tmp/colo/eas-build-local-nodejs/c5b71856-8247-4790-b62a-460cd4ad98fb/build/node_modules/expo-barcode-scanner/android/src/main/java/expo/modules/barcodescanner/BarCodeScannerView.kt:165:73 'getter for defaultDisplay: Display!' is deprecated. Deprecated in Java
[RUN_GRADLEW] w: file:///tmp/colo/eas-build-local-nodejs/c5b71856-8247-4790-b62a-460cd4ad98fb/build/node_modules/expo-barcode-scanner/android/src/main/java/expo/modules/barcodescanner/BarCodeScannerViewFinder.kt:6:25 'Camera' is deprecated. Deprecated in Java
[RUN_GRADLEW] w: file:///tmp/colo/eas-build-local-nodejs/c5b71856-8247-4790-b62a-460cd4ad98fb/build/node_modules/expo-barcode-scanner/android/src/main/java/expo/modules/barcodescanner/BarCodeScannerViewFinder.kt:7:25 'Camera' is deprecated. Deprecated in Java
[RUN_GRADLEW] w: file:///tmp/colo/eas-build-local-nodejs/c5b71856-8247-4790-b62a-460cd4ad98fb/build/node_modules/expo-barcode-scanner/android/src/main/java/expo/modules/barcodescanner/BarCodeScannerViewFinder.kt:7:32 'PreviewCallback' is deprecated. Deprecated in Java
[RUN_GRADLEW] w: file:///tmp/colo/eas-build-local-nodejs/c5b71856-8247-4790-b62a-460cd4ad98fb/build/node_modules/expo-barcode-scanner/android/src/main/java/expo/modules/barcodescanner/BarCodeScannerViewFinder.kt:29:51 'PreviewCallback' is deprecated. Deprecated in Java
[RUN_GRADLEW] w: file:///tmp/colo/eas-build-local-nodejs/c5b71856-8247-4790-b62a-460cd4ad98fb/build/node_modules/expo-barcode-scanner/android/src/main/java/expo/modules/barcodescanner/BarCodeScannerViewFinder.kt:41:23 'Camera' is deprecated. Deprecated in Java
[RUN_GRADLEW] w: file:///tmp/colo/eas-build-local-nodejs/c5b71856-8247-4790-b62a-460cd4ad98fb/build/node_modules/expo-barcode-scanner/android/src/main/java/expo/modules/barcodescanner/BarCodeScannerViewFinder.kt:107:37 'getter for parameters: Camera.Parameters!' is deprecated. Deprecated in Java
[RUN_GRADLEW] w: file:///tmp/colo/eas-build-local-nodejs/c5b71856-8247-4790-b62a-460cd4ad98fb/build/node_modules/expo-barcode-scanner/android/src/main/java/expo/modules/barcodescanner/BarCodeScannerViewFinder.kt:109:48 'getter for supportedFocusModes: (Mutable)List<String!>!' is deprecated. Deprecated in Java
[RUN_GRADLEW] w: file:///tmp/colo/eas-build-local-nodejs/c5b71856-8247-4790-b62a-460cd4ad98fb/build/node_modules/expo-barcode-scanner/android/src/main/java/expo/modules/barcodescanner/BarCodeScannerViewFinder.kt:110:57 'Camera' is deprecated. Deprecated in Java
[RUN_GRADLEW] w: file:///tmp/colo/eas-build-local-nodejs/c5b71856-8247-4790-b62a-460cd4ad98fb/build/node_modules/expo-barcode-scanner/android/src/main/java/expo/modules/barcodescanner/BarCodeScannerViewFinder.kt:110:64 'Parameters' is deprecated. Deprecated in Java
[RUN_GRADLEW] w: file:///tmp/colo/eas-build-local-nodejs/c5b71856-8247-4790-b62a-460cd4ad98fb/build/node_modules/expo-barcode-scanner/android/src/main/java/expo/modules/barcodescanner/BarCodeScannerViewFinder.kt:110:75 'FOCUS_MODE_CONTINUOUS_PICTURE: String' is deprecated. Deprecated in Java
[RUN_GRADLEW] w: file:///tmp/colo/eas-build-local-nodejs/c5b71856-8247-4790-b62a-460cd4ad98fb/build/node_modules/expo-barcode-scanner/android/src/main/java/expo/modules/barcodescanner/BarCodeScannerViewFinder.kt:111:33 'setter for focusMode: String!' is deprecated. Deprecated in Java
[RUN_GRADLEW] w: file:///tmp/colo/eas-build-local-nodejs/c5b71856-8247-4790-b62a-460cd4ad98fb/build/node_modules/expo-barcode-scanner/android/src/main/java/expo/modules/barcodescanner/BarCodeScannerViewFinder.kt:111:45 'Camera' is deprecated. Deprecated in Java
[RUN_GRADLEW] w: file:///tmp/colo/eas-build-local-nodejs/c5b71856-8247-4790-b62a-460cd4ad98fb/build/node_modules/expo-barcode-scanner/android/src/main/java/expo/modules/barcodescanner/BarCodeScannerViewFinder.kt:111:52 'Parameters' is deprecated. Deprecated in Java
[RUN_GRADLEW] w: file:///tmp/colo/eas-build-local-nodejs/c5b71856-8247-4790-b62a-460cd4ad98fb/build/node_modules/expo-barcode-scanner/android/src/main/java/expo/modules/barcodescanner/BarCodeScannerViewFinder.kt:111:63 'FOCUS_MODE_CONTINUOUS_PICTURE: String' is deprecated. Deprecated in Java
[RUN_GRADLEW] w: file:///tmp/colo/eas-build-local-nodejs/c5b71856-8247-4790-b62a-460cd4ad98fb/build/node_modules/expo-barcode-scanner/android/src/main/java/expo/modules/barcodescanner/BarCodeScannerViewFinder.kt:117:35 'getter for supportedPictureSizes: (Mutable)List<Camera.Size!>!' is deprecated. Deprecated in Java
[RUN_GRADLEW] w: file:///tmp/colo/eas-build-local-nodejs/c5b71856-8247-4790-b62a-460cd4ad98fb/build/node_modules/expo-barcode-scanner/android/src/main/java/expo/modules/barcodescanner/BarCodeScannerViewFinder.kt:121:32 'setPictureSize(Int, Int): Unit' is deprecated. Deprecated in Java
[RUN_GRADLEW] w: file:///tmp/colo/eas-build-local-nodejs/c5b71856-8247-4790-b62a-460cd4ad98fb/build/node_modules/expo-barcode-scanner/android/src/main/java/expo/modules/barcodescanner/BarCodeScannerViewFinder.kt:121:66 'width: Int' is deprecated. Deprecated in Java
[RUN_GRADLEW] w: file:///tmp/colo/eas-build-local-nodejs/c5b71856-8247-4790-b62a-460cd4ad98fb/build/node_modules/expo-barcode-scanner/android/src/main/java/expo/modules/barcodescanner/BarCodeScannerViewFinder.kt:121:92 'height: Int' is deprecated. Deprecated in Java
[RUN_GRADLEW] w: file:///tmp/colo/eas-build-local-nodejs/c5b71856-8247-4790-b62a-460cd4ad98fb/build/node_modules/expo-barcode-scanner/android/src/main/java/expo/modules/barcodescanner/BarCodeScannerViewFinder.kt:122:11 'setter for parameters: Camera.Parameters!' is deprecated. Deprecated in Java
[RUN_GRADLEW] w: file:///tmp/colo/eas-build-local-nodejs/c5b71856-8247-4790-b62a-460cd4ad98fb/build/node_modules/expo-barcode-scanner/android/src/main/java/expo/modules/barcodescanner/BarCodeScannerViewFinder.kt:123:11 'setPreviewTexture(SurfaceTexture!): Unit' is deprecated. Deprecated in Java
[RUN_GRADLEW] w: file:///tmp/colo/eas-build-local-nodejs/c5b71856-8247-4790-b62a-460cd4ad98fb/build/node_modules/expo-barcode-scanner/android/src/main/java/expo/modules/barcodescanner/BarCodeScannerViewFinder.kt:124:11 'startPreview(): Unit' is deprecated. Deprecated in Java
[RUN_GRADLEW] w: file:///tmp/colo/eas-build-local-nodejs/c5b71856-8247-4790-b62a-460cd4ad98fb/build/node_modules/expo-barcode-scanner/android/src/main/java/expo/modules/barcodescanner/BarCodeScannerViewFinder.kt:126:11 'setPreviewCallback(Camera.PreviewCallback!): Unit' is deprecated. Deprecated in Java
[RUN_GRADLEW] w: file:///tmp/colo/eas-build-local-nodejs/c5b71856-8247-4790-b62a-460cd4ad98fb/build/node_modules/expo-barcode-scanner/android/src/main/java/expo/modules/barcodescanner/BarCodeScannerViewFinder.kt:146:11 'stopPreview(): Unit' is deprecated. Deprecated in Java
[RUN_GRADLEW] w: file:///tmp/colo/eas-build-local-nodejs/c5b71856-8247-4790-b62a-460cd4ad98fb/build/node_modules/expo-barcode-scanner/android/src/main/java/expo/modules/barcodescanner/BarCodeScannerViewFinder.kt:148:11 'setPreviewCallback(Camera.PreviewCallback!): Unit' is deprecated. Deprecated in Java
[RUN_GRADLEW] w: file:///tmp/colo/eas-build-local-nodejs/c5b71856-8247-4790-b62a-460cd4ad98fb/build/node_modules/expo-barcode-scanner/android/src/main/java/expo/modules/barcodescanner/BarCodeScannerViewFinder.kt:170:61 'Camera' is deprecated. Deprecated in Java
[RUN_GRADLEW] w: file:///tmp/colo/eas-build-local-nodejs/c5b71856-8247-4790-b62a-460cd4ad98fb/build/node_modules/expo-barcode-scanner/android/src/main/java/expo/modules/barcodescanner/BarCodeScannerViewFinder.kt:181:39 'Camera' is deprecated. Deprecated in Java
[RUN_GRADLEW] w: file:///tmp/colo/eas-build-local-nodejs/c5b71856-8247-4790-b62a-460cd4ad98fb/build/node_modules/expo-barcode-scanner/android/src/main/java/expo/modules/barcodescanner/BarCodeScannerViewFinder.kt:196:29 'getter for parameters: Camera.Parameters!' is deprecated. Deprecated in Java
[RUN_GRADLEW] w: file:///tmp/colo/eas-build-local-nodejs/c5b71856-8247-4790-b62a-460cd4ad98fb/build/node_modules/expo-barcode-scanner/android/src/main/java/expo/modules/barcodescanner/BarCodeScannerViewFinder.kt:196:40 'getter for previewSize: Camera.Size!' is deprecated. Deprecated in Java
[RUN_GRADLEW] w: file:///tmp/colo/eas-build-local-nodejs/c5b71856-8247-4790-b62a-460cd4ad98fb/build/node_modules/expo-barcode-scanner/android/src/main/java/expo/modules/barcodescanner/BarCodeScannerViewFinder.kt:197:28 'width: Int' is deprecated. Deprecated in Java
[RUN_GRADLEW] w: file:///tmp/colo/eas-build-local-nodejs/c5b71856-8247-4790-b62a-460cd4ad98fb/build/node_modules/expo-barcode-scanner/android/src/main/java/expo/modules/barcodescanner/BarCodeScannerViewFinder.kt:198:29 'height: Int' is deprecated. Deprecated in Java
[RUN_GRADLEW] w: file:///tmp/colo/eas-build-local-nodejs/c5b71856-8247-4790-b62a-460cd4ad98fb/build/node_modules/expo-barcode-scanner/android/src/main/java/expo/modules/barcodescanner/ExpoBarCodeScanner.kt:3:25 'Camera' is deprecated. Deprecated in Java
[RUN_GRADLEW] w: file:///tmp/colo/eas-build-local-nodejs/c5b71856-8247-4790-b62a-460cd4ad98fb/build/node_modules/expo-barcode-scanner/android/src/main/java/expo/modules/barcodescanner/ExpoBarCodeScanner.kt:4:25 'Camera' is deprecated. Deprecated in Java
[RUN_GRADLEW] w: file:///tmp/colo/eas-build-local-nodejs/c5b71856-8247-4790-b62a-460cd4ad98fb/build/node_modules/expo-barcode-scanner/android/src/main/java/expo/modules/barcodescanner/ExpoBarCodeScanner.kt:4:32 'CameraInfo' is deprecated. Deprecated in Java
[RUN_GRADLEW] w: file:///tmp/colo/eas-build-local-nodejs/c5b71856-8247-4790-b62a-460cd4ad98fb/build/node_modules/expo-barcode-scanner/android/src/main/java/expo/modules/barcodescanner/ExpoBarCodeScanner.kt:17:12 'Camera' is deprecated. Deprecated in Java
[RUN_GRADLEW] w: file:///tmp/colo/eas-build-local-nodejs/c5b71856-8247-4790-b62a-460cd4ad98fb/build/node_modules/expo-barcode-scanner/android/src/main/java/expo/modules/barcodescanner/ExpoBarCodeScanner.kt:17:19 'getNumberOfCameras(): Int' is deprecated. Deprecated in Java
[RUN_GRADLEW] w: file:///tmp/colo/eas-build-local-nodejs/c5b71856-8247-4790-b62a-460cd4ad98fb/build/node_modules/expo-barcode-scanner/android/src/main/java/expo/modules/barcodescanner/ExpoBarCodeScanner.kt:18:18 'constructor CameraInfo()' is deprecated. Deprecated in Java
[RUN_GRADLEW] w: file:///tmp/colo/eas-build-local-nodejs/c5b71856-8247-4790-b62a-460cd4ad98fb/build/node_modules/expo-barcode-scanner/android/src/main/java/expo/modules/barcodescanner/ExpoBarCodeScanner.kt:18:18 'CameraInfo' is deprecated. Deprecated in Java
[RUN_GRADLEW] w: file:///tmp/colo/eas-build-local-nodejs/c5b71856-8247-4790-b62a-460cd4ad98fb/build/node_modules/expo-barcode-scanner/android/src/main/java/expo/modules/barcodescanner/ExpoBarCodeScanner.kt:19:7 'Camera' is deprecated. Deprecated in Java
[RUN_GRADLEW] w: file:///tmp/colo/eas-build-local-nodejs/c5b71856-8247-4790-b62a-460cd4ad98fb/build/node_modules/expo-barcode-scanner/android/src/main/java/expo/modules/barcodescanner/ExpoBarCodeScanner.kt:19:14 'getCameraInfo(Int, Camera.CameraInfo!): Unit' is deprecated. Deprecated in Java
[RUN_GRADLEW] w: file:///tmp/colo/eas-build-local-nodejs/c5b71856-8247-4790-b62a-460cd4ad98fb/build/node_modules/expo-barcode-scanner/android/src/main/java/expo/modules/barcodescanner/ExpoBarCodeScanner.kt:20:16 'facing: Int' is deprecated. Deprecated in Java
[RUN_GRADLEW] w: file:///tmp/colo/eas-build-local-nodejs/c5b71856-8247-4790-b62a-460cd4ad98fb/build/node_modules/expo-barcode-scanner/android/src/main/java/expo/modules/barcodescanner/ExpoBarCodeScanner.kt:20:26 'CameraInfo' is deprecated. Deprecated in Java
[RUN_GRADLEW] w: file:///tmp/colo/eas-build-local-nodejs/c5b71856-8247-4790-b62a-460cd4ad98fb/build/node_modules/expo-barcode-scanner/android/src/main/java/expo/modules/barcodescanner/ExpoBarCodeScanner.kt:20:37 'CAMERA_FACING_FRONT: Int' is deprecated. Deprecated in Java
[RUN_GRADLEW] w: file:///tmp/colo/eas-build-local-nodejs/c5b71856-8247-4790-b62a-460cd4ad98fb/build/node_modules/expo-barcode-scanner/android/src/main/java/expo/modules/barcodescanner/ExpoBarCodeScanner.kt:24:23 'facing: Int' is deprecated. Deprecated in Java
[RUN_GRADLEW] w: file:///tmp/colo/eas-build-local-nodejs/c5b71856-8247-4790-b62a-460cd4ad98fb/build/node_modules/expo-barcode-scanner/android/src/main/java/expo/modules/barcodescanner/ExpoBarCodeScanner.kt:24:33 'CameraInfo' is deprecated. Deprecated in Java
[RUN_GRADLEW] w: file:///tmp/colo/eas-build-local-nodejs/c5b71856-8247-4790-b62a-460cd4ad98fb/build/node_modules/expo-barcode-scanner/android/src/main/java/expo/modules/barcodescanner/ExpoBarCodeScanner.kt:24:44 'CAMERA_FACING_BACK: Int' is deprecated. Deprecated in Java
[RUN_GRADLEW] w: file:///tmp/colo/eas-build-local-nodejs/c5b71856-8247-4790-b62a-460cd4ad98fb/build/node_modules/expo-barcode-scanner/android/src/main/java/expo/modules/barcodescanner/ExpoBarCodeScanner.kt:32:23 'Camera' is deprecated. Deprecated in Java
[RUN_GRADLEW] w: file:///tmp/colo/eas-build-local-nodejs/c5b71856-8247-4790-b62a-460cd4ad98fb/build/node_modules/expo-barcode-scanner/android/src/main/java/expo/modules/barcodescanner/ExpoBarCodeScanner.kt:37:41 'Camera' is deprecated. Deprecated in Java
[RUN_GRADLEW] w: file:///tmp/colo/eas-build-local-nodejs/c5b71856-8247-4790-b62a-460cd4ad98fb/build/node_modules/expo-barcode-scanner/android/src/main/java/expo/modules/barcodescanner/ExpoBarCodeScanner.kt:41:20 'Camera' is deprecated. Deprecated in Java
[RUN_GRADLEW] w: file:///tmp/colo/eas-build-local-nodejs/c5b71856-8247-4790-b62a-460cd4ad98fb/build/node_modules/expo-barcode-scanner/android/src/main/java/expo/modules/barcodescanner/ExpoBarCodeScanner.kt:41:27 'open(Int): Camera!' is deprecated. Deprecated in Java
[RUN_GRADLEW] w: file:///tmp/colo/eas-build-local-nodejs/c5b71856-8247-4790-b62a-460cd4ad98fb/build/node_modules/expo-barcode-scanner/android/src/main/java/expo/modules/barcodescanner/ExpoBarCodeScanner.kt:54:7 'release(): Unit' is deprecated. Deprecated in Java
[RUN_GRADLEW] w: file:///tmp/colo/eas-build-local-nodejs/c5b71856-8247-4790-b62a-460cd4ad98fb/build/node_modules/expo-barcode-scanner/android/src/main/java/expo/modules/barcodescanner/ExpoBarCodeScanner.kt:67:40 'Camera' is deprecated. Deprecated in Java
[RUN_GRADLEW] w: file:///tmp/colo/eas-build-local-nodejs/c5b71856-8247-4790-b62a-460cd4ad98fb/build/node_modules/expo-barcode-scanner/android/src/main/java/expo/modules/barcodescanner/ExpoBarCodeScanner.kt:67:47 'Size' is deprecated. Deprecated in Java
[RUN_GRADLEW] w: file:///tmp/colo/eas-build-local-nodejs/c5b71856-8247-4790-b62a-460cd4ad98fb/build/node_modules/expo-barcode-scanner/android/src/main/java/expo/modules/barcodescanner/ExpoBarCodeScanner.kt:69:20 'width: Int' is deprecated. Deprecated in Java
[RUN_GRADLEW] w: file:///tmp/colo/eas-build-local-nodejs/c5b71856-8247-4790-b62a-460cd4ad98fb/build/node_modules/expo-barcode-scanner/android/src/main/java/expo/modules/barcodescanner/ExpoBarCodeScanner.kt:69:44 'height: Int' is deprecated. Deprecated in Java
[RUN_GRADLEW] w: file:///tmp/colo/eas-build-local-nodejs/c5b71856-8247-4790-b62a-460cd4ad98fb/build/node_modules/expo-barcode-scanner/android/src/main/java/expo/modules/barcodescanner/ExpoBarCodeScanner.kt:71:30 'width: Int' is deprecated. Deprecated in Java
[RUN_GRADLEW] w: file:///tmp/colo/eas-build-local-nodejs/c5b71856-8247-4790-b62a-460cd4ad98fb/build/node_modules/expo-barcode-scanner/android/src/main/java/expo/modules/barcodescanner/ExpoBarCodeScanner.kt:71:42 'height: Int' is deprecated. Deprecated in Java
[RUN_GRADLEW] w: file:///tmp/colo/eas-build-local-nodejs/c5b71856-8247-4790-b62a-460cd4ad98fb/build/node_modules/expo-barcode-scanner/android/src/main/java/expo/modules/barcodescanner/ExpoBarCodeScanner.kt:72:28 'width: Int' is deprecated. Deprecated in Java
[RUN_GRADLEW] w: file:///tmp/colo/eas-build-local-nodejs/c5b71856-8247-4790-b62a-460cd4ad98fb/build/node_modules/expo-barcode-scanner/android/src/main/java/expo/modules/barcodescanner/ExpoBarCodeScanner.kt:72:41 'height: Int' is deprecated. Deprecated in Java
[RUN_GRADLEW] w: file:///tmp/colo/eas-build-local-nodejs/c5b71856-8247-4790-b62a-460cd4ad98fb/build/node_modules/expo-barcode-scanner/android/src/main/java/expo/modules/barcodescanner/ExpoBarCodeScanner.kt:100:30 'facing: Int' is deprecated. Deprecated in Java
[RUN_GRADLEW] w: file:///tmp/colo/eas-build-local-nodejs/c5b71856-8247-4790-b62a-460cd4ad98fb/build/node_modules/expo-barcode-scanner/android/src/main/java/expo/modules/barcodescanner/ExpoBarCodeScanner.kt:100:40 'CameraInfo' is deprecated. Deprecated in Java
[RUN_GRADLEW] w: file:///tmp/colo/eas-build-local-nodejs/c5b71856-8247-4790-b62a-460cd4ad98fb/build/node_modules/expo-barcode-scanner/android/src/main/java/expo/modules/barcodescanner/ExpoBarCodeScanner.kt:100:51 'CAMERA_FACING_FRONT: Int' is deprecated. Deprecated in Java
[RUN_GRADLEW] w: file:///tmp/colo/eas-build-local-nodejs/c5b71856-8247-4790-b62a-460cd4ad98fb/build/node_modules/expo-barcode-scanner/android/src/main/java/expo/modules/barcodescanner/ExpoBarCodeScanner.kt:101:40 'orientation: Int' is deprecated. Deprecated in Java
[RUN_GRADLEW] w: file:///tmp/colo/eas-build-local-nodejs/c5b71856-8247-4790-b62a-460cd4ad98fb/build/node_modules/expo-barcode-scanner/android/src/main/java/expo/modules/barcodescanner/ExpoBarCodeScanner.kt:104:40 'orientation: Int' is deprecated. Deprecated in Java
[RUN_GRADLEW] w: file:///tmp/colo/eas-build-local-nodejs/c5b71856-8247-4790-b62a-460cd4ad98fb/build/node_modules/expo-barcode-scanner/android/src/main/java/expo/modules/barcodescanner/ExpoBarCodeScanner.kt:106:7 'setDisplayOrientation(Int): Unit' is deprecated. Deprecated in Java
[RUN_GRADLEW] w: file:///tmp/colo/eas-build-local-nodejs/c5b71856-8247-4790-b62a-460cd4ad98fb/build/node_modules/expo-barcode-scanner/android/src/main/java/expo/modules/barcodescanner/ExpoBarCodeScanner.kt:107:33 'getter for parameters: Camera.Parameters!' is deprecated. Deprecated in Java
[RUN_GRADLEW] w: file:///tmp/colo/eas-build-local-nodejs/c5b71856-8247-4790-b62a-460cd4ad98fb/build/node_modules/expo-barcode-scanner/android/src/main/java/expo/modules/barcodescanner/ExpoBarCodeScanner.kt:108:27 'setRotation(Int): Unit' is deprecated. Deprecated in Java
[RUN_GRADLEW] w: file:///tmp/colo/eas-build-local-nodejs/c5b71856-8247-4790-b62a-460cd4ad98fb/build/node_modules/expo-barcode-scanner/android/src/main/java/expo/modules/barcodescanner/ExpoBarCodeScanner.kt:112:64 'getter for supportedPreviewSizes: (Mutable)List<Camera.Size!>!' is deprecated. Deprecated in Java
[RUN_GRADLEW] w: file:///tmp/colo/eas-build-local-nodejs/c5b71856-8247-4790-b62a-460cd4ad98fb/build/node_modules/expo-barcode-scanner/android/src/main/java/expo/modules/barcodescanner/ExpoBarCodeScanner.kt:113:38 'width: Int' is deprecated. Deprecated in Java
[RUN_GRADLEW] w: file:///tmp/colo/eas-build-local-nodejs/c5b71856-8247-4790-b62a-460cd4ad98fb/build/node_modules/expo-barcode-scanner/android/src/main/java/expo/modules/barcodescanner/ExpoBarCodeScanner.kt:114:39 'height: Int' is deprecated. Deprecated in Java
[RUN_GRADLEW] w: file:///tmp/colo/eas-build-local-nodejs/c5b71856-8247-4790-b62a-460cd4ad98fb/build/node_modules/expo-barcode-scanner/android/src/main/java/expo/modules/barcodescanner/ExpoBarCodeScanner.kt:115:27 'setPreviewSize(Int, Int): Unit' is deprecated. Deprecated in Java
[RUN_GRADLEW] w: file:///tmp/colo/eas-build-local-nodejs/c5b71856-8247-4790-b62a-460cd4ad98fb/build/node_modules/expo-barcode-scanner/android/src/main/java/expo/modules/barcodescanner/ExpoBarCodeScanner.kt:117:9 'setter for parameters: Camera.Parameters!' is deprecated. Deprecated in Java
[RUN_GRADLEW] w: file:///tmp/colo/eas-build-local-nodejs/c5b71856-8247-4790-b62a-460cd4ad98fb/build/node_modules/expo-barcode-scanner/android/src/main/java/expo/modules/barcodescanner/ExpoBarCodeScanner.kt:130:51 'CameraInfo' is deprecated. Deprecated in Java
[RUN_GRADLEW] > Task :expo-file-system:compileReleaseKotlin
[RUN_GRADLEW] > Task :expo-camera:compileReleaseKotlin
[RUN_GRADLEW] w: file:///tmp/colo/eas-build-local-nodejs/c5b71856-8247-4790-b62a-460cd4ad98fb/build/node_modules/expo-camera/android/src/main/java/expo/modules/camera/CameraViewHelper.kt:30:36 'get(Int, Int): CamcorderProfile!' is deprecated. Deprecated in Java
[RUN_GRADLEW] w: file:///tmp/colo/eas-build-local-nodejs/c5b71856-8247-4790-b62a-460cd4ad98fb/build/node_modules/expo-camera/android/src/main/java/expo/modules/camera/CameraViewHelper.kt:32:49 'get(Int, Int): CamcorderProfile!' is deprecated. Deprecated in Java
[RUN_GRADLEW] w: file:///tmp/colo/eas-build-local-nodejs/c5b71856-8247-4790-b62a-460cd4ad98fb/build/node_modules/expo-camera/android/src/main/java/expo/modules/camera/CameraViewHelper.kt:33:49 'get(Int, Int): CamcorderProfile!' is deprecated. Deprecated in Java
[RUN_GRADLEW] w: file:///tmp/colo/eas-build-local-nodejs/c5b71856-8247-4790-b62a-460cd4ad98fb/build/node_modules/expo-camera/android/src/main/java/expo/modules/camera/CameraViewHelper.kt:34:48 'get(Int, Int): CamcorderProfile!' is deprecated. Deprecated in Java
[RUN_GRADLEW] w: file:///tmp/colo/eas-build-local-nodejs/c5b71856-8247-4790-b62a-460cd4ad98fb/build/node_modules/expo-camera/android/src/main/java/expo/modules/camera/CameraViewHelper.kt:35:48 'get(Int, Int): CamcorderProfile!' is deprecated. Deprecated in Java
[RUN_GRADLEW] w: file:///tmp/colo/eas-build-local-nodejs/c5b71856-8247-4790-b62a-460cd4ad98fb/build/node_modules/expo-camera/android/src/main/java/expo/modules/camera/CameraViewHelper.kt:37:36 'get(Int, Int): CamcorderProfile!' is deprecated. Deprecated in Java
[RUN_GRADLEW] w: file:///tmp/colo/eas-build-local-nodejs/c5b71856-8247-4790-b62a-460cd4ad98fb/build/node_modules/expo-camera/android/src/main/java/expo/modules/camera/CameraViewModule.kt:81:85 'execute(vararg Void?): AsyncTask<Void?, Void?, Bundle?>!' is deprecated. Deprecated in Java
[RUN_GRADLEW] w: file:///tmp/colo/eas-build-local-nodejs/c5b71856-8247-4790-b62a-460cd4ad98fb/build/node_modules/expo-camera/android/src/main/java/expo/modules/camera/ExifTags.kt:71:32 'TAG_ISO_SPEED_RATINGS: String' is deprecated. Deprecated in Java
[RUN_GRADLEW] w: file:///tmp/colo/eas-build-local-nodejs/c5b71856-8247-4790-b62a-460cd4ad98fb/build/node_modules/expo-camera/android/src/main/java/expo/modules/camera/ExpoCameraView.kt:199:73 'getter for defaultDisplay: Display!' is deprecated. Deprecated in Java
[RUN_GRADLEW] w: file:///tmp/colo/eas-build-local-nodejs/c5b71856-8247-4790-b62a-460cd4ad98fb/build/node_modules/expo-camera/android/src/main/java/expo/modules/camera/ExpoCameraView.kt:393:89 'execute(vararg Void?): AsyncTask<Void?, Void?, Bundle?>!' is deprecated. Deprecated in Java
[RUN_GRADLEW] w: file:///tmp/colo/eas-build-local-nodejs/c5b71856-8247-4790-b62a-460cd4ad98fb/build/node_modules/expo-camera/android/src/main/java/expo/modules/camera/ExpoCameraView.kt:412:113 'execute(vararg Void?): AsyncTask<Void?, Void?, BarCodeScannerResult?>!' is deprecated. Deprecated in Java
[RUN_GRADLEW] w: file:///tmp/colo/eas-build-local-nodejs/c5b71856-8247-4790-b62a-460cd4ad98fb/build/node_modules/expo-camera/android/src/main/java/expo/modules/camera/next/ExpoCameraView.kt:297:46 'getSupportedQualities(CameraInfo): (Mutable)List<Quality!>' is deprecated. Deprecated in Java
[RUN_GRADLEW] w: file:///tmp/colo/eas-build-local-nodejs/c5b71856-8247-4790-b62a-460cd4ad98fb/build/node_modules/expo-camera/android/src/main/java/expo/modules/camera/next/ExpoCameraView.kt:338:73 'getter for defaultDisplay: Display!' is deprecated. Deprecated in Java
[RUN_GRADLEW] w: file:///tmp/colo/eas-build-local-nodejs/c5b71856-8247-4790-b62a-460cd4ad98fb/build/node_modules/expo-camera/android/src/main/java/expo/modules/camera/next/tasks/ResolveTakenPicture.kt:129:32 Type mismatch: inferred type is String? but String was expected
[RUN_GRADLEW] w: file:///tmp/colo/eas-build-local-nodejs/c5b71856-8247-4790-b62a-460cd4ad98fb/build/node_modules/expo-camera/android/src/main/java/expo/modules/camera/tasks/BarCodeScannerAsyncTask.kt:3:19 'AsyncTask<Params : Any!, Progress : Any!, Result : Any!>' is deprecated. Deprecated in Java
[RUN_GRADLEW] w: file:///tmp/colo/eas-build-local-nodejs/c5b71856-8247-4790-b62a-460cd4ad98fb/build/node_modules/expo-camera/android/src/main/java/expo/modules/camera/tasks/BarCodeScannerAsyncTask.kt:15:5 'AsyncTask<Params : Any!, Progress : Any!, Result : Any!>' is deprecated. Deprecated in Java
[RUN_GRADLEW] w: file:///tmp/colo/eas-build-local-nodejs/c5b71856-8247-4790-b62a-460cd4ad98fb/build/node_modules/expo-camera/android/src/main/java/expo/modules/camera/tasks/BarCodeScannerAsyncTask.kt:15:5 'constructor AsyncTask<Params : Any!, Progress : Any!, Result : Any!>()' is deprecated. Deprecated in Java
[RUN_GRADLEW] w: file:///tmp/colo/eas-build-local-nodejs/c5b71856-8247-4790-b62a-460cd4ad98fb/build/node_modules/expo-camera/android/src/main/java/expo/modules/camera/tasks/BarCodeScannerAsyncTask.kt:16:60 'getter for isCancelled: Boolean' is deprecated. Deprecated in Java
[RUN_GRADLEW] w: file:///tmp/colo/eas-build-local-nodejs/c5b71856-8247-4790-b62a-460cd4ad98fb/build/node_modules/expo-camera/android/src/main/java/expo/modules/camera/tasks/BarCodeScannerAsyncTask.kt:23:11 'onPostExecute(Result!): Unit' is deprecated. Deprecated in Java
[RUN_GRADLEW] w: file:///tmp/colo/eas-build-local-nodejs/c5b71856-8247-4790-b62a-460cd4ad98fb/build/node_modules/expo-camera/android/src/main/java/expo/modules/camera/tasks/FaceDetectorTask.kt:27:9 Parameter 'error' is never used, could be renamed to _
[RUN_GRADLEW] w: file:///tmp/colo/eas-build-local-nodejs/c5b71856-8247-4790-b62a-460cd4ad98fb/build/node_modules/expo-camera/android/src/main/java/expo/modules/camera/tasks/FaceDetectorTask.kt:31:9 Parameter 'skippedReason' is never used, could be renamed to _
[RUN_GRADLEW] w: file:///tmp/colo/eas-build-local-nodejs/c5b71856-8247-4790-b62a-460cd4ad98fb/build/node_modules/expo-camera/android/src/main/java/expo/modules/camera/tasks/ResolveTakenPictureAsyncTask.kt:8:19 'AsyncTask<Params : Any!, Progress : Any!, Result : Any!>' is deprecated. Deprecated in Java
[RUN_GRADLEW] w: file:///tmp/colo/eas-build-local-nodejs/c5b71856-8247-4790-b62a-460cd4ad98fb/build/node_modules/expo-camera/android/src/main/java/expo/modules/camera/tasks/ResolveTakenPictureAsyncTask.kt:47:5 'AsyncTask<Params : Any!, Progress : Any!, Result : Any!>' is deprecated. Deprecated in Java
[RUN_GRADLEW] w: file:///tmp/colo/eas-build-local-nodejs/c5b71856-8247-4790-b62a-460cd4ad98fb/build/node_modules/expo-camera/android/src/main/java/expo/modules/camera/tasks/ResolveTakenPictureAsyncTask.kt:47:5 'constructor AsyncTask<Params : Any!, Progress : Any!, Result : Any!>()' is deprecated. Deprecated in Java
[RUN_GRADLEW] w: file:///tmp/colo/eas-build-local-nodejs/c5b71856-8247-4790-b62a-460cd4ad98fb/build/node_modules/expo-camera/android/src/main/java/expo/modules/camera/tasks/ResolveTakenPictureAsyncTask.kt:123:32 Type mismatch: inferred type is String? but String was expected
[RUN_GRADLEW] w: file:///tmp/colo/eas-build-local-nodejs/c5b71856-8247-4790-b62a-460cd4ad98fb/build/node_modules/expo-camera/android/src/main/java/expo/modules/camera/tasks/ResolveTakenPictureAsyncTask.kt:155:30 Type mismatch: inferred type is String? but String was expected
[RUN_GRADLEW] w: file:///tmp/colo/eas-build-local-nodejs/c5b71856-8247-4790-b62a-460cd4ad98fb/build/node_modules/expo-camera/android/src/main/java/expo/modules/camera/tasks/ResolveTakenPictureAsyncTask.kt:191:11 'onPostExecute(Result!): Unit' is deprecated. Deprecated in Java
[RUN_GRADLEW] > Task :react-native-reanimated:buildCMakeRelWithDebInfo[x86]
[RUN_GRADLEW] > Task :expo-barcode-scanner:compileReleaseJavaWithJavac
[RUN_GRADLEW] > Task :expo-barcode-scanner:bundleLibCompileToJarRelease
[RUN_GRADLEW] > Task :expo-camera:compileReleaseJavaWithJavac
[RUN_GRADLEW] > Task :expo-camera:bundleLibCompileToJarRelease
[RUN_GRADLEW] > Task :expo-file-system:compileReleaseJavaWithJavac
[RUN_GRADLEW] > Task :expo-file-system:bundleLibCompileToJarRelease
[RUN_GRADLEW] > Task :react-native-reanimated:configureCMakeRelWithDebInfo[x86_64]
[RUN_GRADLEW] > Task :expo-updates:kaptGenerateStubsReleaseKotlin
[RUN_GRADLEW] > Task :react-native-reanimated:buildCMakeRelWithDebInfo[x86_64]
[RUN_GRADLEW] > Task :react-native-reanimated:mergeReleaseJniLibFolders
[RUN_GRADLEW] > Task :react-native-reanimated:extractDeepLinksForAarRelease
[RUN_GRADLEW] > Task :react-native-reanimated:extractReleaseAnnotations
[RUN_GRADLEW] > Task :react-native-reanimated:mergeReleaseGeneratedProguardFiles
[RUN_GRADLEW] > Task :react-native-reanimated:mergeReleaseConsumerProguardFiles
[RUN_GRADLEW] > Task :react-native-reanimated:mergeReleaseShaders
[RUN_GRADLEW] > Task :react-native-reanimated:compileReleaseShaders NO-SOURCE
[RUN_GRADLEW] > Task :react-native-reanimated:generateReleaseAssets UP-TO-DATE
[RUN_GRADLEW] > Task :react-native-reanimated:packageReleaseAssets
[RUN_GRADLEW] > Task :react-native-reanimated:mergeReleaseNativeLibs
[RUN_GRADLEW] > Task :react-native-reanimated:externalNativeBuildRelease
[RUN_GRADLEW] > Task :react-native-reanimated:generateJsonModelRelease
[RUN_GRADLEW] > Task :react-native-reanimated:prefabReleaseConfigurePackage
[RUN_GRADLEW] > Task :react-native-reanimated:stripReleaseDebugSymbols
[RUN_GRADLEW] > Task :react-native-reanimated:prefabReleasePackage
[RUN_GRADLEW] > Task :react-native-reanimated:prepareLintJarForPublish
[RUN_GRADLEW] > Task :react-native-reanimated:prepareReleaseArtProfile
[RUN_GRADLEW] > Task :react-native-reanimated:processReleaseJavaRes NO-SOURCE
[RUN_GRADLEW] > Task :react-native-safe-area-context:preBuild UP-TO-DATE
[RUN_GRADLEW] > Task :react-native-safe-area-context:preReleaseBuild UP-TO-DATE
[RUN_GRADLEW] > Task :react-native-reanimated:writeReleaseAarMetadata
[RUN_GRADLEW] > Task :react-native-reanimated:copyReleaseJniLibsProjectAndLocalJars
[RUN_GRADLEW] > Task :react-native-reanimated:mergeReleaseJavaResource
[RUN_GRADLEW] > Task :react-native-safe-area-context:mergeReleaseJniLibFolders
[RUN_GRADLEW] > Task :react-native-reanimated:syncReleaseLibJars
[RUN_GRADLEW] > Task :react-native-reanimated:bundleReleaseLocalLintAar
[RUN_GRADLEW] > Task :react-native-safe-area-context:mergeReleaseNativeLibs NO-SOURCE
[RUN_GRADLEW] > Task :react-native-safe-area-context:stripReleaseDebugSymbols NO-SOURCE
[RUN_GRADLEW] > Task :react-native-safe-area-context:copyReleaseJniLibsProjectAndLocalJars
[RUN_GRADLEW] > Task :react-native-safe-area-context:generateReleaseResValues
[RUN_GRADLEW] > Task :react-native-safe-area-context:extractDeepLinksForAarRelease
[RUN_GRADLEW] > Task :react-native-safe-area-context:generateReleaseBuildConfig
[RUN_GRADLEW] > Task :react-native-safe-area-context:generateReleaseResources
[RUN_GRADLEW] > Task :react-native-safe-area-context:packageReleaseResources
[RUN_GRADLEW] > Task :react-native-safe-area-context:parseReleaseLocalResources
[RUN_GRADLEW] > Task :react-native-safe-area-context:javaPreCompileRelease
[RUN_GRADLEW] > Task :react-native-safe-area-context:processReleaseManifest
[RUN_GRADLEW] package="com.th3rdwave.safeareacontext" found in source AndroidManifest.xml: /tmp/colo/eas-build-local-nodejs/c5b71856-8247-4790-b62a-460cd4ad98fb/build/node_modules/react-native-safe-area-context/android/src/main/AndroidManifest.xml.
[RUN_GRADLEW] Setting the namespace via the package attribute in the source AndroidManifest.xml is no longer supported, and the value is ignored.
[RUN_GRADLEW] Recommendation: remove package="com.th3rdwave.safeareacontext" from the source AndroidManifest.xml: /tmp/colo/eas-build-local-nodejs/c5b71856-8247-4790-b62a-460cd4ad98fb/build/node_modules/react-native-safe-area-context/android/src/main/AndroidManifest.xml.
[RUN_GRADLEW] > Task :react-native-safe-area-context:mergeReleaseShaders
[RUN_GRADLEW] > Task :react-native-safe-area-context:compileReleaseShaders NO-SOURCE
[RUN_GRADLEW] > Task :react-native-safe-area-context:generateReleaseAssets UP-TO-DATE
[RUN_GRADLEW] > Task :react-native-safe-area-context:generateReleaseRFile
[RUN_GRADLEW] > Task :react-native-safe-area-context:packageReleaseAssets
[RUN_GRADLEW] > Task :react-native-safe-area-context:prepareLintJarForPublish
[RUN_GRADLEW] > Task :react-native-safe-area-context:prepareReleaseArtProfile
[RUN_GRADLEW] > Task :react-native-screens:preBuild UP-TO-DATE
[RUN_GRADLEW] > Task :react-native-screens:preReleaseBuild UP-TO-DATE
[RUN_GRADLEW] > Task :react-native-safe-area-context:writeReleaseAarMetadata
[RUN_GRADLEW] > Task :react-native-screens:mergeReleaseJniLibFolders
[RUN_GRADLEW] > Task :react-native-screens:mergeReleaseNativeLibs NO-SOURCE
[RUN_GRADLEW] > Task :react-native-screens:stripReleaseDebugSymbols NO-SOURCE
[RUN_GRADLEW] > Task :react-native-screens:copyReleaseJniLibsProjectAndLocalJars
[RUN_GRADLEW] > Task :react-native-screens:generateReleaseResValues
[RUN_GRADLEW] > Task :react-native-screens:extractDeepLinksForAarRelease
[RUN_GRADLEW] > Task :react-native-screens:generateReleaseBuildConfig
[RUN_GRADLEW] > Task :react-native-screens:generateReleaseResources
[RUN_GRADLEW] > Task :react-native-screens:packageReleaseResources
[RUN_GRADLEW] > Task :react-native-screens:javaPreCompileRelease
[RUN_GRADLEW] > Task :react-native-screens:mergeReleaseShaders
[RUN_GRADLEW] > Task :react-native-screens:parseReleaseLocalResources
[RUN_GRADLEW] > Task :react-native-screens:processReleaseManifest
[RUN_GRADLEW] package="com.swmansion.rnscreens" found in source AndroidManifest.xml: /tmp/colo/eas-build-local-nodejs/c5b71856-8247-4790-b62a-460cd4ad98fb/build/node_modules/react-native-screens/android/src/main/AndroidManifest.xml.
[RUN_GRADLEW] Setting the namespace via the package attribute in the source AndroidManifest.xml is no longer supported, and the value is ignored.
[RUN_GRADLEW] Recommendation: remove package="com.swmansion.rnscreens" from the source AndroidManifest.xml: /tmp/colo/eas-build-local-nodejs/c5b71856-8247-4790-b62a-460cd4ad98fb/build/node_modules/react-native-screens/android/src/main/AndroidManifest.xml.
[RUN_GRADLEW] > Task :react-native-screens:compileReleaseShaders NO-SOURCE
[RUN_GRADLEW] > Task :react-native-screens:generateReleaseAssets UP-TO-DATE
[RUN_GRADLEW] > Task :react-native-screens:packageReleaseAssets
[RUN_GRADLEW] > Task :react-native-screens:prepareLintJarForPublish
[RUN_GRADLEW] > Task :react-native-screens:prepareReleaseArtProfile
[RUN_GRADLEW] > Task :expo-barcode-scanner:mergeReleaseJniLibFolders
[RUN_GRADLEW] > Task :expo-barcode-scanner:mergeReleaseNativeLibs NO-SOURCE
[RUN_GRADLEW] > Task :react-native-screens:writeReleaseAarMetadata
[RUN_GRADLEW] > Task :react-native-screens:generateReleaseRFile
[RUN_GRADLEW] > Task :expo-barcode-scanner:stripReleaseDebugSymbols NO-SOURCE
[RUN_GRADLEW] > Task :expo-barcode-scanner:extractDeepLinksForAarRelease
[RUN_GRADLEW] > Task :expo-barcode-scanner:copyReleaseJniLibsProjectAndLocalJars
[RUN_GRADLEW] > Task :expo-barcode-scanner:extractReleaseAnnotations
[RUN_GRADLEW] > Task :expo-barcode-scanner:mergeReleaseGeneratedProguardFiles
[RUN_GRADLEW] > Task :expo-barcode-scanner:mergeReleaseConsumerProguardFiles
[RUN_GRADLEW] > Task :expo-barcode-scanner:mergeReleaseShaders
[RUN_GRADLEW] > Task :expo-barcode-scanner:compileReleaseShaders NO-SOURCE
[RUN_GRADLEW] > Task :expo-barcode-scanner:generateReleaseAssets UP-TO-DATE
[RUN_GRADLEW] > Task :expo-barcode-scanner:packageReleaseAssets
[RUN_GRADLEW] > Task :expo-barcode-scanner:prepareLintJarForPublish
[RUN_GRADLEW] > Task :expo-barcode-scanner:prepareReleaseArtProfile
[RUN_GRADLEW] > Task :expo-barcode-scanner:processReleaseJavaRes
[RUN_GRADLEW] > Task :expo-camera:mergeReleaseJniLibFolders
[RUN_GRADLEW] > Task :expo-barcode-scanner:writeReleaseAarMetadata
[RUN_GRADLEW] > Task :expo-camera:mergeReleaseNativeLibs NO-SOURCE
[RUN_GRADLEW] > Task :expo-camera:stripReleaseDebugSymbols NO-SOURCE
[RUN_GRADLEW] > Task :expo-barcode-scanner:mergeReleaseJavaResource
[RUN_GRADLEW] > Task :expo-camera:copyReleaseJniLibsProjectAndLocalJars
[RUN_GRADLEW] > Task :expo-barcode-scanner:syncReleaseLibJars
[RUN_GRADLEW] > Task :expo-barcode-scanner:bundleReleaseLocalLintAar
[RUN_GRADLEW] > Task :expo-camera:extractDeepLinksForAarRelease
[RUN_GRADLEW] > Task :expo-camera:extractReleaseAnnotations
[RUN_GRADLEW] > Task :expo-camera:mergeReleaseGeneratedProguardFiles
[RUN_GRADLEW] > Task :expo-camera:mergeReleaseConsumerProguardFiles
[RUN_GRADLEW] > Task :expo-camera:mergeReleaseShaders
[RUN_GRADLEW] > Task :expo-camera:compileReleaseShaders NO-SOURCE
[RUN_GRADLEW] > Task :expo-camera:generateReleaseAssets UP-TO-DATE
[RUN_GRADLEW] > Task :expo-camera:packageReleaseAssets
[RUN_GRADLEW] > Task :expo-camera:prepareLintJarForPublish
[RUN_GRADLEW] > Task :expo-camera:prepareReleaseArtProfile
[RUN_GRADLEW] > Task :expo-camera:processReleaseJavaRes
[RUN_GRADLEW] > Task :expo-camera:writeReleaseAarMetadata
[RUN_GRADLEW] > Task :expo-camera:mergeReleaseJavaResource
[RUN_GRADLEW] > Task :expo-constants:mergeReleaseJniLibFolders
[RUN_GRADLEW] > Task :expo-camera:syncReleaseLibJars
[RUN_GRADLEW] > Task :expo-camera:bundleReleaseLocalLintAar
[RUN_GRADLEW] > Task :expo-constants:mergeReleaseNativeLibs NO-SOURCE
[RUN_GRADLEW] > Task :expo-constants:stripReleaseDebugSymbols NO-SOURCE
[RUN_GRADLEW] > Task :expo-constants:copyReleaseJniLibsProjectAndLocalJars
[RUN_GRADLEW] > Task :expo-constants:extractDeepLinksForAarRelease
[RUN_GRADLEW] > Task :expo-constants:extractReleaseAnnotations
[RUN_GRADLEW] > Task :expo-constants:mergeReleaseGeneratedProguardFiles
[RUN_GRADLEW] > Task :expo-constants:mergeReleaseConsumerProguardFiles
[RUN_GRADLEW] > Task :expo-constants:mergeReleaseShaders
[RUN_GRADLEW] > Task :expo-constants:compileReleaseShaders NO-SOURCE
[RUN_GRADLEW] > Task :expo-constants:generateReleaseAssets UP-TO-DATE
[RUN_GRADLEW] > Task :expo-constants:packageReleaseAssets
[RUN_GRADLEW] > Task :expo-constants:prepareLintJarForPublish
[RUN_GRADLEW] > Task :expo-constants:prepareReleaseArtProfile
[RUN_GRADLEW] > Task :expo-constants:processReleaseJavaRes
[RUN_GRADLEW] > Task :expo-constants:mergeReleaseJavaResource
[RUN_GRADLEW] > Task :expo-constants:writeReleaseAarMetadata
[RUN_GRADLEW] > Task :expo-updates:mergeReleaseJniLibFolders
[RUN_GRADLEW] > Task :expo-constants:syncReleaseLibJars
[RUN_GRADLEW] > Task :expo-constants:bundleReleaseLocalLintAar
[RUN_GRADLEW] > Task :expo-updates:mergeReleaseNativeLibs NO-SOURCE
[RUN_GRADLEW] > Task :expo-updates:stripReleaseDebugSymbols NO-SOURCE
[RUN_GRADLEW] > Task :expo-updates:copyReleaseJniLibsProjectAndLocalJars
[RUN_GRADLEW] > Task :expo-updates:extractDeepLinksForAarRelease
[RUN_GRADLEW] > Task :expo-updates:mergeReleaseShaders
[RUN_GRADLEW] > Task :expo-updates:compileReleaseShaders NO-SOURCE
[RUN_GRADLEW] > Task :expo-updates:generateReleaseAssets UP-TO-DATE
[RUN_GRADLEW] > Task :expo-updates:packageReleaseAssets
[RUN_GRADLEW] > Task :expo-updates:prepareLintJarForPublish
[RUN_GRADLEW] > Task :expo-updates:prepareReleaseArtProfile
[RUN_GRADLEW] > Task :expo-updates:writeReleaseAarMetadata
[RUN_GRADLEW] > Task :expo-eas-client:mergeReleaseJniLibFolders
[RUN_GRADLEW] > Task :expo-eas-client:mergeReleaseNativeLibs NO-SOURCE
[RUN_GRADLEW] > Task :expo-eas-client:stripReleaseDebugSymbols NO-SOURCE
[RUN_GRADLEW] > Task :expo-eas-client:copyReleaseJniLibsProjectAndLocalJars
[RUN_GRADLEW] > Task :expo-eas-client:extractDeepLinksForAarRelease
[RUN_GRADLEW] > Task :expo-eas-client:extractReleaseAnnotations
[RUN_GRADLEW] > Task :expo-eas-client:mergeReleaseGeneratedProguardFiles
[RUN_GRADLEW] > Task :expo-eas-client:mergeReleaseConsumerProguardFiles
[RUN_GRADLEW] > Task :expo-eas-client:mergeReleaseShaders
[RUN_GRADLEW] > Task :expo-eas-client:compileReleaseShaders NO-SOURCE
[RUN_GRADLEW] > Task :expo-eas-client:generateReleaseAssets UP-TO-DATE
[RUN_GRADLEW] > Task :expo-eas-client:packageReleaseAssets
[RUN_GRADLEW] > Task :expo-eas-client:prepareLintJarForPublish
[RUN_GRADLEW] > Task :expo-eas-client:prepareReleaseArtProfile
[RUN_GRADLEW] > Task :expo-eas-client:processReleaseJavaRes
[RUN_GRADLEW] > Task :expo-eas-client:mergeReleaseJavaResource
[RUN_GRADLEW] > Task :expo-eas-client:writeReleaseAarMetadata
[RUN_GRADLEW] > Task :expo-eas-client:syncReleaseLibJars
[RUN_GRADLEW] > Task :expo-eas-client:bundleReleaseLocalLintAar
[RUN_GRADLEW] > Task :expo-file-system:mergeReleaseJniLibFolders
[RUN_GRADLEW] > Task :expo-file-system:mergeReleaseNativeLibs NO-SOURCE
[RUN_GRADLEW] > Task :expo-file-system:stripReleaseDebugSymbols NO-SOURCE
[RUN_GRADLEW] > Task :expo-file-system:copyReleaseJniLibsProjectAndLocalJars
[RUN_GRADLEW] > Task :expo-file-system:extractDeepLinksForAarRelease
[RUN_GRADLEW] > Task :expo-file-system:extractReleaseAnnotations
[RUN_GRADLEW] > Task :expo-file-system:mergeReleaseGeneratedProguardFiles
[RUN_GRADLEW] > Task :expo-file-system:mergeReleaseConsumerProguardFiles
[RUN_GRADLEW] > Task :expo-file-system:mergeReleaseShaders
[RUN_GRADLEW] > Task :expo-file-system:compileReleaseShaders NO-SOURCE
[RUN_GRADLEW] > Task :expo-file-system:generateReleaseAssets UP-TO-DATE
[RUN_GRADLEW] > Task :expo-file-system:packageReleaseAssets
[RUN_GRADLEW] > Task :expo-file-system:prepareReleaseArtProfile
[RUN_GRADLEW] > Task :expo-file-system:prepareLintJarForPublish
[RUN_GRADLEW] > Task :expo-file-system:processReleaseJavaRes
[RUN_GRADLEW] > Task :expo-file-system:writeReleaseAarMetadata
[RUN_GRADLEW] > Task :expo-font:mergeReleaseJniLibFolders
[RUN_GRADLEW] > Task :expo-font:mergeReleaseNativeLibs NO-SOURCE
[RUN_GRADLEW] > Task :expo-file-system:mergeReleaseJavaResource
[RUN_GRADLEW] > Task :expo-font:stripReleaseDebugSymbols NO-SOURCE
[RUN_GRADLEW] > Task :expo-file-system:syncReleaseLibJars
[RUN_GRADLEW] > Task :expo-file-system:bundleReleaseLocalLintAar
[RUN_GRADLEW] > Task :expo-font:copyReleaseJniLibsProjectAndLocalJars
[RUN_GRADLEW] > Task :expo-font:extractDeepLinksForAarRelease
[RUN_GRADLEW] > Task :expo-font:extractReleaseAnnotations
[RUN_GRADLEW] > Task :expo-font:mergeReleaseGeneratedProguardFiles
[RUN_GRADLEW] > Task :expo-font:mergeReleaseConsumerProguardFiles
[RUN_GRADLEW] > Task :expo-font:mergeReleaseShaders
[RUN_GRADLEW] > Task :expo-font:compileReleaseShaders NO-SOURCE
[RUN_GRADLEW] > Task :expo-font:generateReleaseAssets UP-TO-DATE
[RUN_GRADLEW] > Task :expo-font:packageReleaseAssets
[RUN_GRADLEW] > Task :expo-font:prepareReleaseArtProfile
[RUN_GRADLEW] > Task :expo-font:prepareLintJarForPublish
[RUN_GRADLEW] > Task :expo-font:processReleaseJavaRes
[RUN_GRADLEW] > Task :expo-font:mergeReleaseJavaResource
[RUN_GRADLEW] > Task :expo-font:syncReleaseLibJars
[RUN_GRADLEW] > Task :expo-font:writeReleaseAarMetadata
[RUN_GRADLEW] > Task :expo-font:bundleReleaseLocalLintAar
[RUN_GRADLEW] > Task :expo-image-loader:mergeReleaseJniLibFolders
[RUN_GRADLEW] > Task :expo-image-loader:mergeReleaseNativeLibs NO-SOURCE
[RUN_GRADLEW] > Task :expo-image-loader:stripReleaseDebugSymbols NO-SOURCE
[RUN_GRADLEW] > Task :expo-image-loader:extractDeepLinksForAarRelease
[RUN_GRADLEW] > Task :expo-image-loader:copyReleaseJniLibsProjectAndLocalJars
[RUN_GRADLEW] > Task :expo-image-loader:extractReleaseAnnotations
[RUN_GRADLEW] > Task :expo-image-loader:mergeReleaseGeneratedProguardFiles
[RUN_GRADLEW] > Task :expo-image-loader:mergeReleaseConsumerProguardFiles
[RUN_GRADLEW] > Task :expo-image-loader:mergeReleaseShaders
[RUN_GRADLEW] > Task :expo-updates:kaptReleaseKotlin
[RUN_GRADLEW] > Task :expo-image-loader:compileReleaseShaders NO-SOURCE
[RUN_GRADLEW] > Task :expo-image-loader:generateReleaseAssets UP-TO-DATE
[RUN_GRADLEW] > Task :expo-image-loader:packageReleaseAssets
[RUN_GRADLEW] > Task :expo-image-loader:prepareLintJarForPublish
[RUN_GRADLEW] > Task :expo-image-loader:prepareReleaseArtProfile
[RUN_GRADLEW] > Task :expo-image-loader:processReleaseJavaRes
[RUN_GRADLEW] > Task :expo-image-loader:writeReleaseAarMetadata
[RUN_GRADLEW] > Task :expo-image-loader:mergeReleaseJavaResource
[RUN_GRADLEW] > Task :expo-keep-awake:mergeReleaseJniLibFolders
[RUN_GRADLEW] > Task :expo-image-loader:syncReleaseLibJars
[RUN_GRADLEW] > Task :expo-image-loader:bundleReleaseLocalLintAar
[RUN_GRADLEW] > Task :expo-keep-awake:mergeReleaseNativeLibs NO-SOURCE
[RUN_GRADLEW] > Task :expo-keep-awake:stripReleaseDebugSymbols NO-SOURCE
[RUN_GRADLEW] > Task :expo-keep-awake:extractDeepLinksForAarRelease
[RUN_GRADLEW] > Task :expo-keep-awake:copyReleaseJniLibsProjectAndLocalJars
[RUN_GRADLEW] > Task :expo-keep-awake:extractReleaseAnnotations
[RUN_GRADLEW] > Task :expo-keep-awake:mergeReleaseGeneratedProguardFiles
[RUN_GRADLEW] > Task :expo-keep-awake:mergeReleaseConsumerProguardFiles
[RUN_GRADLEW] > Task :expo-keep-awake:mergeReleaseShaders
[RUN_GRADLEW] > Task :expo-keep-awake:compileReleaseShaders NO-SOURCE
[RUN_GRADLEW] > Task :expo-keep-awake:generateReleaseAssets UP-TO-DATE
[RUN_GRADLEW] > Task :expo-keep-awake:packageReleaseAssets
[RUN_GRADLEW] > Task :expo-keep-awake:prepareReleaseArtProfile
[RUN_GRADLEW] > Task :expo-keep-awake:prepareLintJarForPublish
[RUN_GRADLEW] > Task :expo-keep-awake:processReleaseJavaRes
[RUN_GRADLEW] > Task :expo-keep-awake:mergeReleaseJavaResource
[RUN_GRADLEW] > Task :expo-keep-awake:writeReleaseAarMetadata
[RUN_GRADLEW] > Task :expo-structured-headers:mergeReleaseJniLibFolders
[RUN_GRADLEW] > Task :expo-keep-awake:syncReleaseLibJars
[RUN_GRADLEW] > Task :expo-keep-awake:bundleReleaseLocalLintAar
[RUN_GRADLEW] > Task :expo-structured-headers:mergeReleaseNativeLibs NO-SOURCE
[RUN_GRADLEW] > Task :expo-structured-headers:stripReleaseDebugSymbols NO-SOURCE
[RUN_GRADLEW] > Task :expo-structured-headers:copyReleaseJniLibsProjectAndLocalJars
[RUN_GRADLEW] > Task :expo-structured-headers:extractDeepLinksForAarRelease
[RUN_GRADLEW] > Task :expo-structured-headers:extractReleaseAnnotations
[RUN_GRADLEW] > Task :expo-structured-headers:mergeReleaseGeneratedProguardFiles
[RUN_GRADLEW] > Task :expo-structured-headers:mergeReleaseConsumerProguardFiles
[RUN_GRADLEW] > Task :expo-structured-headers:mergeReleaseShaders
[RUN_GRADLEW] > Task :expo-structured-headers:compileReleaseShaders NO-SOURCE
[RUN_GRADLEW] > Task :expo-structured-headers:generateReleaseAssets UP-TO-DATE
[RUN_GRADLEW] > Task :expo-structured-headers:packageReleaseAssets
[RUN_GRADLEW] > Task :expo-structured-headers:prepareLintJarForPublish
[RUN_GRADLEW] > Task :expo-structured-headers:prepareReleaseArtProfile
[RUN_GRADLEW] > Task :expo-structured-headers:processReleaseJavaRes NO-SOURCE
[RUN_GRADLEW] > Task :expo-structured-headers:mergeReleaseJavaResource
[RUN_GRADLEW] > Task :expo-structured-headers:syncReleaseLibJars
[RUN_GRADLEW] > Task :expo-structured-headers:writeReleaseAarMetadata
[RUN_GRADLEW] > Task :react-native-safe-area-context:compileReleaseKotlin
[RUN_GRADLEW] w: file:///tmp/colo/eas-build-local-nodejs/c5b71856-8247-4790-b62a-460cd4ad98fb/build/node_modules/react-native-safe-area-context/android/src/main/java/com/th3rdwave/safeareacontext/SafeAreaContextModule.kt:7:46 'ReactModule' is deprecated. Deprecated in Java
[RUN_GRADLEW] w: file:///tmp/colo/eas-build-local-nodejs/c5b71856-8247-4790-b62a-460cd4ad98fb/build/node_modules/react-native-safe-area-context/android/src/main/java/com/th3rdwave/safeareacontext/SafeAreaContextModule.kt:9:2 'ReactModule' is deprecated. Deprecated in Java
[RUN_GRADLEW] w: file:///tmp/colo/eas-build-local-nodejs/c5b71856-8247-4790-b62a-460cd4ad98fb/build/node_modules/react-native-safe-area-context/android/src/main/java/com/th3rdwave/safeareacontext/SafeAreaContextPackage.kt:6:46 'ReactModule' is deprecated. Deprecated in Java
[RUN_GRADLEW] w: file:///tmp/colo/eas-build-local-nodejs/c5b71856-8247-4790-b62a-460cd4ad98fb/build/node_modules/react-native-safe-area-context/android/src/main/java/com/th3rdwave/safeareacontext/SafeAreaContextPackage.kt:26:51 'ReactModule' is deprecated. Deprecated in Java
[RUN_GRADLEW] w: file:///tmp/colo/eas-build-local-nodejs/c5b71856-8247-4790-b62a-460cd4ad98fb/build/node_modules/react-native-safe-area-context/android/src/main/java/com/th3rdwave/safeareacontext/SafeAreaContextPackage.kt:28:11 'constructor ReactModuleInfo(String!, String!, Boolean, Boolean, Boolean, Boolean, Boolean)' is deprecated. Deprecated in Java
[RUN_GRADLEW] w: file:///tmp/colo/eas-build-local-nodejs/c5b71856-8247-4790-b62a-460cd4ad98fb/build/node_modules/react-native-safe-area-context/android/src/main/java/com/th3rdwave/safeareacontext/SafeAreaContextPackage.kt:34:27 'hasConstants: Boolean' is deprecated. Deprecated in Java
[RUN_GRADLEW] w: file:///tmp/colo/eas-build-local-nodejs/c5b71856-8247-4790-b62a-460cd4ad98fb/build/node_modules/react-native-safe-area-context/android/src/main/java/com/th3rdwave/safeareacontext/SafeAreaProviderManager.kt:4:46 'ReactModule' is deprecated. Deprecated in Java
[RUN_GRADLEW] w: file:///tmp/colo/eas-build-local-nodejs/c5b71856-8247-4790-b62a-460cd4ad98fb/build/node_modules/react-native-safe-area-context/android/src/main/java/com/th3rdwave/safeareacontext/SafeAreaProviderManager.kt:11:2 'ReactModule' is deprecated. Deprecated in Java
[RUN_GRADLEW] w: file:///tmp/colo/eas-build-local-nodejs/c5b71856-8247-4790-b62a-460cd4ad98fb/build/node_modules/react-native-safe-area-context/android/src/main/java/com/th3rdwave/safeareacontext/SafeAreaView.kt:59:23 'getter for uiImplementation: UIImplementation!' is deprecated. Deprecated in Java
[RUN_GRADLEW] w: file:///tmp/colo/eas-build-local-nodejs/c5b71856-8247-4790-b62a-460cd4ad98fb/build/node_modules/react-native-safe-area-context/android/src/main/java/com/th3rdwave/safeareacontext/SafeAreaViewManager.kt:4:46 'ReactModule' is deprecated. Deprecated in Java
[RUN_GRADLEW] w: file:///tmp/colo/eas-build-local-nodejs/c5b71856-8247-4790-b62a-460cd4ad98fb/build/node_modules/react-native-safe-area-context/android/src/main/java/com/th3rdwave/safeareacontext/SafeAreaViewManager.kt:14:2 'ReactModule' is deprecated. Deprecated in Java
[RUN_GRADLEW] > Task :expo-modules-core:configureCMakeRelWithDebInfo[arm64-v8a]
[RUN_GRADLEW] > Task :react-native-safe-area-context:extractReleaseAnnotations
[RUN_GRADLEW] > Task :react-native-safe-area-context:compileReleaseJavaWithJavac
[RUN_GRADLEW] > Task :react-native-safe-area-context:mergeReleaseGeneratedProguardFiles
[RUN_GRADLEW] > Task :react-native-safe-area-context:mergeReleaseConsumerProguardFiles
[RUN_GRADLEW] > Task :react-native-safe-area-context:processReleaseJavaRes
[RUN_GRADLEW] > Task :react-native-safe-area-context:mergeReleaseJavaResource
[RUN_GRADLEW] > Task :expo-structured-headers:bundleReleaseLocalLintAar
[RUN_GRADLEW] > Task :react-native-safe-area-context:syncReleaseLibJars
[RUN_GRADLEW] > Task :react-native-safe-area-context:bundleReleaseLocalLintAar
[RUN_GRADLEW] The Daemon will expire after the build after running out of JVM Metaspace.
[RUN_GRADLEW] The project memory settings are likely not configured or are configured to an insufficient value.
[RUN_GRADLEW] The daemon will restart for the next build, which may increase subsequent build times.
[RUN_GRADLEW] These settings can be adjusted by setting 'org.gradle.jvmargs' in 'gradle.properties'.
[RUN_GRADLEW] The currently configured max heap space is '2 GiB' and the configured max metaspace is '512 MiB'.
[RUN_GRADLEW] For more information on how to set these values, please refer to https://docs.gradle.org/8.3/userguide/build_environment.html#sec:configuring_jvm_memory in the Gradle documentation.
[RUN_GRADLEW] To disable this warning, set 'org.gradle.daemon.performance.disable-logging=true'.
[RUN_GRADLEW] Daemon will be stopped at the end of the build after running out of JVM Metaspace
[RUN_GRADLEW] > Task :react-native-screens:compileReleaseKotlin
[RUN_GRADLEW] w: file:///tmp/colo/eas-build-local-nodejs/c5b71856-8247-4790-b62a-460cd4ad98fb/build/node_modules/react-native-screens/android/src/main/java/com/swmansion/rnscreens/ScreenContainerViewManager.kt:5:46 'ReactModule' is deprecated. Deprecated in Java
[RUN_GRADLEW] w: file:///tmp/colo/eas-build-local-nodejs/c5b71856-8247-4790-b62a-460cd4ad98fb/build/node_modules/react-native-screens/android/src/main/java/com/swmansion/rnscreens/ScreenContainerViewManager.kt:10:2 'ReactModule' is deprecated. Deprecated in Java
[RUN_GRADLEW] w: file:///tmp/colo/eas-build-local-nodejs/c5b71856-8247-4790-b62a-460cd4ad98fb/build/node_modules/react-native-screens/android/src/main/java/com/swmansion/rnscreens/ScreenStackFragment.kt:65:28 'setter for targetElevation: Float' is deprecated. Deprecated in Java
[RUN_GRADLEW] w: file:///tmp/colo/eas-build-local-nodejs/c5b71856-8247-4790-b62a-460cd4ad98fb/build/node_modules/react-native-screens/android/src/main/java/com/swmansion/rnscreens/ScreenStackFragment.kt:128:28 'setter for targetElevation: Float' is deprecated. Deprecated in Java
[RUN_GRADLEW] w: file:///tmp/colo/eas-build-local-nodejs/c5b71856-8247-4790-b62a-460cd4ad98fb/build/node_modules/react-native-screens/android/src/main/java/com/swmansion/rnscreens/ScreenStackHeaderConfig.kt:86:34 'getter for systemWindowInsetTop: Int' is deprecated. Deprecated in Java
[RUN_GRADLEW] w: file:///tmp/colo/eas-build-local-nodejs/c5b71856-8247-4790-b62a-460cd4ad98fb/build/node_modules/react-native-screens/android/src/main/java/com/swmansion/rnscreens/ScreenStackHeaderConfig.kt:229:37 'setColorFilter(Int, PorterDuff.Mode): Unit' is deprecated. Deprecated in Java
[RUN_GRADLEW] w: file:///tmp/colo/eas-build-local-nodejs/c5b71856-8247-4790-b62a-460cd4ad98fb/build/node_modules/react-native-screens/android/src/main/java/com/swmansion/rnscreens/ScreenStackHeaderConfigViewManager.kt:7:46 'ReactModule' is deprecated. Deprecated in Java
[RUN_GRADLEW] w: file:///tmp/colo/eas-build-local-nodejs/c5b71856-8247-4790-b62a-460cd4ad98fb/build/node_modules/react-native-screens/android/src/main/java/com/swmansion/rnscreens/ScreenStackHeaderConfigViewManager.kt:18:2 'ReactModule' is deprecated. Deprecated in Java
[RUN_GRADLEW] w: file:///tmp/colo/eas-build-local-nodejs/c5b71856-8247-4790-b62a-460cd4ad98fb/build/node_modules/react-native-screens/android/src/main/java/com/swmansion/rnscreens/ScreenStackHeaderSubviewManager.kt:4:46 'ReactModule' is deprecated. Deprecated in Java
[RUN_GRADLEW] w: file:///tmp/colo/eas-build-local-nodejs/c5b71856-8247-4790-b62a-460cd4ad98fb/build/node_modules/react-native-screens/android/src/main/java/com/swmansion/rnscreens/ScreenStackHeaderSubviewManager.kt:12:2 'ReactModule' is deprecated. Deprecated in Java
[RUN_GRADLEW] w: file:///tmp/colo/eas-build-local-nodejs/c5b71856-8247-4790-b62a-460cd4ad98fb/build/node_modules/react-native-screens/android/src/main/java/com/swmansion/rnscreens/ScreenStackViewManager.kt:6:46 'ReactModule' is deprecated. Deprecated in Java
[RUN_GRADLEW] w: file:///tmp/colo/eas-build-local-nodejs/c5b71856-8247-4790-b62a-460cd4ad98fb/build/node_modules/react-native-screens/android/src/main/java/com/swmansion/rnscreens/ScreenStackViewManager.kt:15:2 'ReactModule' is deprecated. Deprecated in Java
[RUN_GRADLEW] w: file:///tmp/colo/eas-build-local-nodejs/c5b71856-8247-4790-b62a-460cd4ad98fb/build/node_modules/react-native-screens/android/src/main/java/com/swmansion/rnscreens/ScreenViewManager.kt:6:46 'ReactModule' is deprecated. Deprecated in Java
[RUN_GRADLEW] w: file:///tmp/colo/eas-build-local-nodejs/c5b71856-8247-4790-b62a-460cd4ad98fb/build/node_modules/react-native-screens/android/src/main/java/com/swmansion/rnscreens/ScreenViewManager.kt:24:2 'ReactModule' is deprecated. Deprecated in Java
[RUN_GRADLEW] w: file:///tmp/colo/eas-build-local-nodejs/c5b71856-8247-4790-b62a-460cd4ad98fb/build/node_modules/react-native-screens/android/src/main/java/com/swmansion/rnscreens/ScreenViewManager.kt:47:42 'setStateWrapper(StateWrapper!): Unit' is deprecated. Deprecated in Java
[RUN_GRADLEW] w: file:///tmp/colo/eas-build-local-nodejs/c5b71856-8247-4790-b62a-460cd4ad98fb/build/node_modules/react-native-screens/android/src/main/java/com/swmansion/rnscreens/ScreenWindowTraits.kt:137:47 'replaceSystemWindowInsets(Int, Int, Int, Int): WindowInsetsCompat' is deprecated. Deprecated in Java
[RUN_GRADLEW] w: file:///tmp/colo/eas-build-local-nodejs/c5b71856-8247-4790-b62a-460cd4ad98fb/build/node_modules/react-native-screens/android/src/main/java/com/swmansion/rnscreens/ScreenWindowTraits.kt:138:51 'getter for systemWindowInsetLeft: Int' is deprecated. Deprecated in Java
[RUN_GRADLEW] w: file:///tmp/colo/eas-build-local-nodejs/c5b71856-8247-4790-b62a-460cd4ad98fb/build/node_modules/react-native-screens/android/src/main/java/com/swmansion/rnscreens/ScreenWindowTraits.kt:140:51 'getter for systemWindowInsetRight: Int' is deprecated. Deprecated in Java
[RUN_GRADLEW] w: file:///tmp/colo/eas-build-local-nodejs/c5b71856-8247-4790-b62a-460cd4ad98fb/build/node_modules/react-native-screens/android/src/main/java/com/swmansion/rnscreens/ScreenWindowTraits.kt:141:51 'getter for systemWindowInsetBottom: Int' is deprecated. Deprecated in Java
[RUN_GRADLEW] w: file:///tmp/colo/eas-build-local-nodejs/c5b71856-8247-4790-b62a-460cd4ad98fb/build/node_modules/react-native-screens/android/src/main/java/com/swmansion/rnscreens/SearchBarManager.kt:6:46 'ReactModule' is deprecated. Deprecated in Java
[RUN_GRADLEW] w: file:///tmp/colo/eas-build-local-nodejs/c5b71856-8247-4790-b62a-460cd4ad98fb/build/node_modules/react-native-screens/android/src/main/java/com/swmansion/rnscreens/SearchBarManager.kt:17:2 'ReactModule' is deprecated. Deprecated in Java
[RUN_GRADLEW] w: file:///tmp/colo/eas-build-local-nodejs/c5b71856-8247-4790-b62a-460cd4ad98fb/build/node_modules/react-native-screens/android/src/main/java/com/swmansion/rnscreens/SearchBarManager.kt:100:22 Parameter 'view' is never used
[RUN_GRADLEW] w: file:///tmp/colo/eas-build-local-nodejs/c5b71856-8247-4790-b62a-460cd4ad98fb/build/node_modules/react-native-screens/android/src/main/java/com/swmansion/rnscreens/SearchBarManager.kt:100:43 Parameter 'placeholder' is never used
[RUN_GRADLEW] w: file:///tmp/colo/eas-build-local-nodejs/c5b71856-8247-4790-b62a-460cd4ad98fb/build/node_modules/react-native-screens/android/src/main/java/com/swmansion/rnscreens/SearchBarView.kt:147:43 Parameter 'flag' is never used
[RUN_GRADLEW] w: file:///tmp/colo/eas-build-local-nodejs/c5b71856-8247-4790-b62a-460cd4ad98fb/build/node_modules/react-native-screens/android/src/main/java/com/swmansion/rnscreens/events/HeaderHeightChangeEvent.kt:5:44 'RCTEventEmitter' is deprecated. Deprecated in Java
[RUN_GRADLEW] w: file:///tmp/colo/eas-build-local-nodejs/c5b71856-8247-4790-b62a-460cd4ad98fb/build/node_modules/react-native-screens/android/src/main/java/com/swmansion/rnscreens/events/HeaderHeightChangeEvent.kt:10:5 'constructor Event<T : Event<(raw) Event<*>>!>(Int)' is deprecated. Deprecated in Java
[RUN_GRADLEW] w: file:///tmp/colo/eas-build-local-nodejs/c5b71856-8247-4790-b62a-460cd4ad98fb/build/node_modules/react-native-screens/android/src/main/java/com/swmansion/rnscreens/events/HeaderHeightChangeEvent.kt:17:44 'RCTEventEmitter' is deprecated. Deprecated in Java
[RUN_GRADLEW] w: file:///tmp/colo/eas-build-local-nodejs/c5b71856-8247-4790-b62a-460cd4ad98fb/build/node_modules/react-native-screens/android/src/main/java/com/swmansion/rnscreens/events/HeaderHeightChangeEvent.kt:20:25 'receiveEvent(Int, String!, WritableMap?): Unit' is deprecated. Deprecated in Java
[RUN_GRADLEW] w: file:///tmp/colo/eas-build-local-nodejs/c5b71856-8247-4790-b62a-460cd4ad98fb/build/node_modules/react-native-screens/android/src/paper/java/com/swmansion/rnscreens/FabricEnabledViewGroup.kt:5:37 'FabricViewStateManager' is deprecated. Deprecated in Java
[RUN_GRADLEW] w: file:///tmp/colo/eas-build-local-nodejs/c5b71856-8247-4790-b62a-460cd4ad98fb/build/node_modules/react-native-screens/android/src/paper/java/com/swmansion/rnscreens/FabricEnabledViewGroup.kt:9:48 'FabricViewStateManager' is deprecated. Deprecated in Java
[RUN_GRADLEW] w: file:///tmp/colo/eas-build-local-nodejs/c5b71856-8247-4790-b62a-460cd4ad98fb/build/node_modules/react-native-screens/android/src/paper/java/com/swmansion/rnscreens/FabricEnabledViewGroup.kt:11:42 Parameter 'width' is never used
[RUN_GRADLEW] w: file:///tmp/colo/eas-build-local-nodejs/c5b71856-8247-4790-b62a-460cd4ad98fb/build/node_modules/react-native-screens/android/src/paper/java/com/swmansion/rnscreens/FabricEnabledViewGroup.kt:11:54 Parameter 'height' is never used
[RUN_GRADLEW] > Task :expo-updates:compileReleaseKotlin
[RUN_GRADLEW] w: file:///tmp/colo/eas-build-local-nodejs/c5b71856-8247-4790-b62a-460cd4ad98fb/build/node_modules/expo-updates/android/src/main/java/expo/modules/updates/DisabledUpdatesController.kt:59:20 This class shouldn't be used in Kotlin. Use kotlin.Any instead.
[RUN_GRADLEW] w: file:///tmp/colo/eas-build-local-nodejs/c5b71856-8247-4790-b62a-460cd4ad98fb/build/node_modules/expo-updates/android/src/main/java/expo/modules/updates/DisabledUpdatesController.kt:154:14 This class shouldn't be used in Kotlin. Use kotlin.Any instead.
[RUN_GRADLEW] w: file:///tmp/colo/eas-build-local-nodejs/c5b71856-8247-4790-b62a-460cd4ad98fb/build/node_modules/expo-updates/android/src/main/java/expo/modules/updates/EnabledUpdatesController.kt:6:19 'AsyncTask<Params : Any!, Progress : Any!, Result : Any!>' is deprecated. Deprecated in Java
[RUN_GRADLEW] w: file:///tmp/colo/eas-build-local-nodejs/c5b71856-8247-4790-b62a-460cd4ad98fb/build/node_modules/expo-updates/android/src/main/java/expo/modules/updates/EnabledUpdatesController.kt:75:39 This class shouldn't be used in Kotlin. Use kotlin.Any instead.
[RUN_GRADLEW] w: file:///tmp/colo/eas-build-local-nodejs/c5b71856-8247-4790-b62a-460cd4ad98fb/build/node_modules/expo-updates/android/src/main/java/expo/modules/updates/EnabledUpdatesController.kt:129:20 This class shouldn't be used in Kotlin. Use kotlin.Any instead.
[RUN_GRADLEW] w: file:///tmp/colo/eas-build-local-nodejs/c5b71856-8247-4790-b62a-460cd4ad98fb/build/node_modules/expo-updates/android/src/main/java/expo/modules/updates/EnabledUpdatesController.kt:243:5 'AsyncTask<Params : Any!, Progress : Any!, Result : Any!>' is deprecated. Deprecated in Java
[RUN_GRADLEW] w: file:///tmp/colo/eas-build-local-nodejs/c5b71856-8247-4790-b62a-460cd4ad98fb/build/node_modules/expo-updates/android/src/main/java/expo/modules/updates/EnabledUpdatesController.kt:243:15 'execute(Runnable!): Unit' is deprecated. Deprecated in Java
[RUN_GRADLEW] w: file:///tmp/colo/eas-build-local-nodejs/c5b71856-8247-4790-b62a-460cd4ad98fb/build/node_modules/expo-updates/android/src/main/java/expo/modules/updates/EnabledUpdatesController.kt:269:5 'AsyncTask<Params : Any!, Progress : Any!, Result : Any!>' is deprecated. Deprecated in Java
[RUN_GRADLEW] w: file:///tmp/colo/eas-build-local-nodejs/c5b71856-8247-4790-b62a-460cd4ad98fb/build/node_modules/expo-updates/android/src/main/java/expo/modules/updates/EnabledUpdatesController.kt:269:15 'execute(Runnable!): Unit' is deprecated. Deprecated in Java
[RUN_GRADLEW] w: file:///tmp/colo/eas-build-local-nodejs/c5b71856-8247-4790-b62a-460cd4ad98fb/build/node_modules/expo-updates/android/src/main/java/expo/modules/updates/UpdatesConfiguration.kt:198:13 'get(String!): Any?' is deprecated. Deprecated in Java
[RUN_GRADLEW] w: file:///tmp/colo/eas-build-local-nodejs/c5b71856-8247-4790-b62a-460cd4ad98fb/build/node_modules/expo-updates/android/src/main/java/expo/modules/updates/UpdatesDevLauncherController.kt:4:19 'AsyncTask<Params : Any!, Progress : Any!, Result : Any!>' is deprecated. Deprecated in Java
[RUN_GRADLEW] w: file:///tmp/colo/eas-build-local-nodejs/c5b71856-8247-4790-b62a-460cd4ad98fb/build/node_modules/expo-updates/android/src/main/java/expo/modules/updates/UpdatesDevLauncherController.kt:183:146 'getRawJson(): JSONObject' is deprecated. Prefer to use specific field getters
[RUN_GRADLEW] w: file:///tmp/colo/eas-build-local-nodejs/c5b71856-8247-4790-b62a-460cd4ad98fb/build/node_modules/expo-updates/android/src/main/java/expo/modules/updates/UpdatesDevLauncherController.kt:262:5 'AsyncTask<Params : Any!, Progress : Any!, Result : Any!>' is deprecated. Deprecated in Java
[RUN_GRADLEW] w: file:///tmp/colo/eas-build-local-nodejs/c5b71856-8247-4790-b62a-460cd4ad98fb/build/node_modules/expo-updates/android/src/main/java/expo/modules/updates/UpdatesDevLauncherController.kt:262:15 'execute(Runnable!): Unit' is deprecated. Deprecated in Java
[RUN_GRADLEW] w: file:///tmp/colo/eas-build-local-nodejs/c5b71856-8247-4790-b62a-460cd4ad98fb/build/node_modules/expo-updates/android/src/main/java/expo/modules/updates/UpdatesModule.kt:6:19 'AsyncTask<Params : Any!, Progress : Any!, Result : Any!>' is deprecated. Deprecated in Java
[RUN_GRADLEW] w: file:///tmp/colo/eas-build-local-nodejs/c5b71856-8247-4790-b62a-460cd4ad98fb/build/node_modules/expo-updates/android/src/main/java/expo/modules/updates/UpdatesModule.kt:148:54 'toString(): String' is deprecated. Prefer to use specific field getters
[RUN_GRADLEW] w: file:///tmp/colo/eas-build-local-nodejs/c5b71856-8247-4790-b62a-460cd4ad98fb/build/node_modules/expo-updates/android/src/main/java/expo/modules/updates/UpdatesModule.kt:237:7 'AsyncTask<Params : Any!, Progress : Any!, Result : Any!>' is deprecated. Deprecated in Java
[RUN_GRADLEW] w: file:///tmp/colo/eas-build-local-nodejs/c5b71856-8247-4790-b62a-460cd4ad98fb/build/node_modules/expo-updates/android/src/main/java/expo/modules/updates/UpdatesModule.kt:237:17 'execute(Runnable!): Unit' is deprecated. Deprecated in Java
[RUN_GRADLEW] w: file:///tmp/colo/eas-build-local-nodejs/c5b71856-8247-4790-b62a-460cd4ad98fb/build/node_modules/expo-updates/android/src/main/java/expo/modules/updates/UpdatesModule.kt:243:7 'AsyncTask<Params : Any!, Progress : Any!, Result : Any!>' is deprecated. Deprecated in Java
[RUN_GRADLEW] w: file:///tmp/colo/eas-build-local-nodejs/c5b71856-8247-4790-b62a-460cd4ad98fb/build/node_modules/expo-updates/android/src/main/java/expo/modules/updates/UpdatesModule.kt:243:17 'execute(Runnable!): Unit' is deprecated. Deprecated in Java
[RUN_GRADLEW] w: file:///tmp/colo/eas-build-local-nodejs/c5b71856-8247-4790-b62a-460cd4ad98fb/build/node_modules/expo-updates/android/src/main/java/expo/modules/updates/UpdatesUtils.kt:5:19 'AsyncTask<Params : Any!, Progress : Any!, Result : Any!>' is deprecated. Deprecated in Java
[RUN_GRADLEW] w: file:///tmp/colo/eas-build-local-nodejs/c5b71856-8247-4790-b62a-460cd4ad98fb/build/node_modules/expo-updates/android/src/main/java/expo/modules/updates/UpdatesUtils.kt:172:7 'AsyncTask<Params : Any!, Progress : Any!, Result : Any!>' is deprecated. Deprecated in Java
[RUN_GRADLEW] w: file:///tmp/colo/eas-build-local-nodejs/c5b71856-8247-4790-b62a-460cd4ad98fb/build/node_modules/expo-updates/android/src/main/java/expo/modules/updates/UpdatesUtils.kt:172:17 'execute(Runnable!): Unit' is deprecated. Deprecated in Java
[RUN_GRADLEW] w: file:///tmp/colo/eas-build-local-nodejs/c5b71856-8247-4790-b62a-460cd4ad98fb/build/node_modules/expo-updates/android/src/main/java/expo/modules/updates/db/Converters.kt:56:30 Type mismatch: inferred type is ByteArray? but ByteArray was expected
[RUN_GRADLEW] w: file:///tmp/colo/eas-build-local-nodejs/c5b71856-8247-4790-b62a-460cd4ad98fb/build/node_modules/expo-updates/android/src/main/java/expo/modules/updates/db/Converters.kt:98:21 Parameter 'value' is never used
[RUN_GRADLEW] w: file:///tmp/colo/eas-build-local-nodejs/c5b71856-8247-4790-b62a-460cd4ad98fb/build/node_modules/expo-updates/android/src/main/java/expo/modules/updates/db/Converters.kt:103:21 Parameter 'hashType' is never used
[RUN_GRADLEW] w: file:///tmp/colo/eas-build-local-nodejs/c5b71856-8247-4790-b62a-460cd4ad98fb/build/node_modules/expo-updates/android/src/main/java/expo/modules/updates/db/DatabaseHolder.kt:24:20 This class shouldn't be used in Kotlin. Use kotlin.Any instead.
[RUN_GRADLEW] w: file:///tmp/colo/eas-build-local-nodejs/c5b71856-8247-4790-b62a-460cd4ad98fb/build/node_modules/expo-updates/android/src/main/java/expo/modules/updates/db/DatabaseHolder.kt:36:14 This class shouldn't be used in Kotlin. Use kotlin.Any instead.
[RUN_GRADLEW] w: file:///tmp/colo/eas-build-local-nodejs/c5b71856-8247-4790-b62a-460cd4ad98fb/build/node_modules/expo-updates/android/src/main/java/expo/modules/updates/db/DatabaseIntegrityCheck.kt:38:39 Type mismatch: inferred type is String? but String was expected
[RUN_GRADLEW] w: file:///tmp/colo/eas-build-local-nodejs/c5b71856-8247-4790-b62a-460cd4ad98fb/build/node_modules/expo-updates/android/src/main/java/expo/modules/updates/db/Reaper.kt:50:41 Type mismatch: inferred type is String? but String was expected
[RUN_GRADLEW] w: file:///tmp/colo/eas-build-local-nodejs/c5b71856-8247-4790-b62a-460cd4ad98fb/build/node_modules/expo-updates/android/src/main/java/expo/modules/updates/db/Reaper.kt:68:41 Type mismatch: inferred type is String? but String was expected
[RUN_GRADLEW] w: file:///tmp/colo/eas-build-local-nodejs/c5b71856-8247-4790-b62a-460cd4ad98fb/build/node_modules/expo-updates/android/src/main/java/expo/modules/updates/errorrecovery/ErrorRecoveryHandler.kt:113:7 'when' is exhaustive so 'else' is redundant here
[RUN_GRADLEW] w: file:///tmp/colo/eas-build-local-nodejs/c5b71856-8247-4790-b62a-460cd4ad98fb/build/node_modules/expo-updates/android/src/main/java/expo/modules/updates/launcher/NoDatabaseLauncher.kt:4:19 'AsyncTask<Params : Any!, Progress : Any!, Result : Any!>' is deprecated. Deprecated in Java
[RUN_GRADLEW] w: file:///tmp/colo/eas-build-local-nodejs/c5b71856-8247-4790-b62a-460cd4ad98fb/build/node_modules/expo-updates/android/src/main/java/expo/modules/updates/launcher/NoDatabaseLauncher.kt:61:7 'AsyncTask<Params : Any!, Progress : Any!, Result : Any!>' is deprecated. Deprecated in Java
[RUN_GRADLEW] w: file:///tmp/colo/eas-build-local-nodejs/c5b71856-8247-4790-b62a-460cd4ad98fb/build/node_modules/expo-updates/android/src/main/java/expo/modules/updates/launcher/NoDatabaseLauncher.kt:61:17 'execute(Runnable!): Unit' is deprecated. Deprecated in Java
[RUN_GRADLEW] w: file:///tmp/colo/eas-build-local-nodejs/c5b71856-8247-4790-b62a-460cd4ad98fb/build/node_modules/expo-updates/android/src/main/java/expo/modules/updates/loader/FileDownloader.kt:202:27 'constructor MultipartStream(InputStream!, ByteArray!)' is deprecated. Deprecated in Java
[RUN_GRADLEW] w: file:///tmp/colo/eas-build-local-nodejs/c5b71856-8247-4790-b62a-460cd4ad98fb/build/node_modules/expo-updates/android/src/main/java/expo/modules/updates/loader/Loader.kt:242:13 Type mismatch: inferred type is String? but String was expected
[RUN_GRADLEW] w: file:///tmp/colo/eas-build-local-nodejs/c5b71856-8247-4790-b62a-460cd4ad98fb/build/node_modules/expo-updates/android/src/main/java/expo/modules/updates/loader/Loader.kt:285:7 'when' is exhaustive so 'else' is redundant here
[RUN_GRADLEW] w: file:///tmp/colo/eas-build-local-nodejs/c5b71856-8247-4790-b62a-460cd4ad98fb/build/node_modules/expo-updates/android/src/main/java/expo/modules/updates/loader/Loader.kt:306:65 Type mismatch: inferred type is String? but String was expected
[RUN_GRADLEW] w: file:///tmp/colo/eas-build-local-nodejs/c5b71856-8247-4790-b62a-460cd4ad98fb/build/node_modules/expo-updates/android/src/main/java/expo/modules/updates/loader/LoaderTask.kt:4:19 'AsyncTask<Params : Any!, Progress : Any!, Result : Any!>' is deprecated. Deprecated in Java
[RUN_GRADLEW] w: file:///tmp/colo/eas-build-local-nodejs/c5b71856-8247-4790-b62a-460cd4ad98fb/build/node_modules/expo-updates/android/src/main/java/expo/modules/updates/loader/LoaderTask.kt:350:5 'AsyncTask<Params : Any!, Progress : Any!, Result : Any!>' is deprecated. Deprecated in Java
[RUN_GRADLEW] w: file:///tmp/colo/eas-build-local-nodejs/c5b71856-8247-4790-b62a-460cd4ad98fb/build/node_modules/expo-updates/android/src/main/java/expo/modules/updates/loader/LoaderTask.kt:350:15 'execute(Runnable!): Unit' is deprecated. Deprecated in Java
[RUN_GRADLEW] w: file:///tmp/colo/eas-build-local-nodejs/c5b71856-8247-4790-b62a-460cd4ad98fb/build/node_modules/expo-updates/android/src/main/java/expo/modules/updates/loader/LoaderTask.kt:403:113 'getRawJson(): JSONObject' is deprecated. Prefer to use specific field getters
[RUN_GRADLEW] w: file:///tmp/colo/eas-build-local-nodejs/c5b71856-8247-4790-b62a-460cd4ad98fb/build/node_modules/expo-updates/android/src/main/java/expo/modules/updates/loader/LoaderTask.kt:479:5 'AsyncTask<Params : Any!, Progress : Any!, Result : Any!>' is deprecated. Deprecated in Java
[RUN_GRADLEW] w: file:///tmp/colo/eas-build-local-nodejs/c5b71856-8247-4790-b62a-460cd4ad98fb/build/node_modules/expo-updates/android/src/main/java/expo/modules/updates/loader/LoaderTask.kt:479:15 'execute(Runnable!): Unit' is deprecated. Deprecated in Java
[RUN_GRADLEW] w: file:///tmp/colo/eas-build-local-nodejs/c5b71856-8247-4790-b62a-460cd4ad98fb/build/node_modules/expo-updates/android/src/main/java/expo/modules/updates/manifest/BareUpdateManifest.kt:30:97 'getRawJson(): JSONObject' is deprecated. Prefer to use specific field getters
[RUN_GRADLEW] w: file:///tmp/colo/eas-build-local-nodejs/c5b71856-8247-4790-b62a-460cd4ad98fb/build/node_modules/expo-updates/android/src/main/java/expo/modules/updates/manifest/LegacyUpdateManifest.kt:37:99 'getRawJson(): JSONObject' is deprecated. Prefer to use specific field getters
[RUN_GRADLEW] w: file:///tmp/colo/eas-build-local-nodejs/c5b71856-8247-4790-b62a-460cd4ad98fb/build/node_modules/expo-updates/android/src/main/java/expo/modules/updates/manifest/NewUpdateManifest.kt:34:96 'getRawJson(): JSONObject' is deprecated. Prefer to use specific field getters
[RUN_GRADLEW] w: file:///tmp/colo/eas-build-local-nodejs/c5b71856-8247-4790-b62a-460cd4ad98fb/build/node_modules/expo-updates/android/src/main/java/expo/modules/updates/procedures/CheckForUpdateProcedure.kt:4:19 'AsyncTask<Params : Any!, Progress : Any!, Result : Any!>' is deprecated. Deprecated in Java
[RUN_GRADLEW] w: file:///tmp/colo/eas-build-local-nodejs/c5b71856-8247-4790-b62a-460cd4ad98fb/build/node_modules/expo-updates/android/src/main/java/expo/modules/updates/procedures/CheckForUpdateProcedure.kt:31:5 'AsyncTask<Params : Any!, Progress : Any!, Result : Any!>' is deprecated. Deprecated in Java
[RUN_GRADLEW] w: file:///tmp/colo/eas-build-local-nodejs/c5b71856-8247-4790-b62a-460cd4ad98fb/build/node_modules/expo-updates/android/src/main/java/expo/modules/updates/procedures/CheckForUpdateProcedure.kt:31:15 'execute(Runnable!): Unit' is deprecated. Deprecated in Java
[RUN_GRADLEW] w: file:///tmp/colo/eas-build-local-nodejs/c5b71856-8247-4790-b62a-460cd4ad98fb/build/node_modules/expo-updates/android/src/main/java/expo/modules/updates/procedures/CheckForUpdateProcedure.kt:130:116 'getRawJson(): JSONObject' is deprecated. Prefer to use specific field getters
[RUN_GRADLEW] w: file:///tmp/colo/eas-build-local-nodejs/c5b71856-8247-4790-b62a-460cd4ad98fb/build/node_modules/expo-updates/android/src/main/java/expo/modules/updates/procedures/CheckForUpdateProcedure.kt:163:116 'getRawJson(): JSONObject' is deprecated. Prefer to use specific field getters
[RUN_GRADLEW] w: file:///tmp/colo/eas-build-local-nodejs/c5b71856-8247-4790-b62a-460cd4ad98fb/build/node_modules/expo-updates/android/src/main/java/expo/modules/updates/procedures/FetchUpdateProcedure.kt:4:19 'AsyncTask<Params : Any!, Progress : Any!, Result : Any!>' is deprecated. Deprecated in Java
[RUN_GRADLEW] w: file:///tmp/colo/eas-build-local-nodejs/c5b71856-8247-4790-b62a-460cd4ad98fb/build/node_modules/expo-updates/android/src/main/java/expo/modules/updates/procedures/FetchUpdateProcedure.kt:32:5 'AsyncTask<Params : Any!, Progress : Any!, Result : Any!>' is deprecated. Deprecated in Java
[RUN_GRADLEW] w: file:///tmp/colo/eas-build-local-nodejs/c5b71856-8247-4790-b62a-460cd4ad98fb/build/node_modules/expo-updates/android/src/main/java/expo/modules/updates/procedures/FetchUpdateProcedure.kt:32:15 'execute(Runnable!): Unit' is deprecated. Deprecated in Java
[RUN_GRADLEW] w: file:///tmp/colo/eas-build-local-nodejs/c5b71856-8247-4790-b62a-460cd4ad98fb/build/node_modules/expo-updates/android/src/main/java/expo/modules/updates/procedures/RelaunchProcedure.kt:4:19 'AsyncTask<Params : Any!, Progress : Any!, Result : Any!>' is deprecated. Deprecated in Java
[RUN_GRADLEW] w: file:///tmp/colo/eas-build-local-nodejs/c5b71856-8247-4790-b62a-460cd4ad98fb/build/node_modules/expo-updates/android/src/main/java/expo/modules/updates/procedures/RelaunchProcedure.kt:96:5 'AsyncTask<Params : Any!, Progress : Any!, Result : Any!>' is deprecated. Deprecated in Java
[RUN_GRADLEW] w: file:///tmp/colo/eas-build-local-nodejs/c5b71856-8247-4790-b62a-460cd4ad98fb/build/node_modules/expo-updates/android/src/main/java/expo/modules/updates/procedures/RelaunchProcedure.kt:96:15 'execute(Runnable!): Unit' is deprecated. Deprecated in Java
[RUN_GRADLEW] w: file:///tmp/colo/eas-build-local-nodejs/c5b71856-8247-4790-b62a-460cd4ad98fb/build/node_modules/expo-updates/android/src/main/java/expo/modules/updates/procedures/StartupProcedure.kt:177:36 'getCurrentState(): UpdatesStateValue' is deprecated. Avoid needing to access current state to know how to transition to next state
[RUN_GRADLEW] w: file:///tmp/colo/eas-build-local-nodejs/c5b71856-8247-4790-b62a-460cd4ad98fb/build/node_modules/expo-updates/android/src/main/java/expo/modules/updates/procedures/StartupProcedure.kt:213:34 'getCurrentState(): UpdatesStateValue' is deprecated. Avoid needing to access current state to know how to transition to next state
[RUN_GRADLEW] w: file:///tmp/colo/eas-build-local-nodejs/c5b71856-8247-4790-b62a-460cd4ad98fb/build/node_modules/expo-updates/android/src/main/java/expo/modules/updates/procedures/StateMachineSerialExecutorQueue.kt:33:35 'getCurrentState(): UpdatesStateValue' is deprecated. Avoid needing to access current state to know how to transition to next state
[RUN_GRADLEW] w: file:///tmp/colo/eas-build-local-nodejs/c5b71856-8247-4790-b62a-460cd4ad98fb/build/node_modules/expo-updates/android/src/main/java/expo/modules/updates/statemachine/UpdatesStateMachine.kt:22:18 This declaration overrides deprecated member but not marked as deprecated itself. This deprecation won't be inherited in future releases. Please add @Deprecated annotation or suppress. See https://youtrack.jetbrains.com/issue/KT-47902 for details
[RUN_GRADLEW] > Task :expo-modules-core:buildCMakeRelWithDebInfo[arm64-v8a]
[RUN_GRADLEW] > Task :expo-updates:compileReleaseJavaWithJavac
[RUN_GRADLEW] > Task :expo-updates:bundleLibCompileToJarRelease
[RUN_GRADLEW] > Task :react-native-screens:extractReleaseAnnotations
[RUN_GRADLEW] > Task :react-native-screens:compileReleaseJavaWithJavac
[RUN_GRADLEW] > Task :react-native-screens:mergeReleaseGeneratedProguardFiles
[RUN_GRADLEW] > Task :react-native-screens:mergeReleaseConsumerProguardFiles
[RUN_GRADLEW] > Task :react-native-screens:processReleaseJavaRes
[RUN_GRADLEW] > Task :react-native-screens:mergeReleaseJavaResource
[RUN_GRADLEW] > Task :expo-updates:extractReleaseAnnotations
[RUN_GRADLEW] > Task :react-native-screens:syncReleaseLibJars
[RUN_GRADLEW] > Task :react-native-screens:bundleReleaseLocalLintAar
[RUN_GRADLEW] > Task :expo-updates:mergeReleaseGeneratedProguardFiles
[RUN_GRADLEW] > Task :expo-updates:mergeReleaseConsumerProguardFiles
[RUN_GRADLEW] > Task :expo-updates:processReleaseJavaRes
[RUN_GRADLEW] > Task :expo-updates:mergeReleaseJavaResource
[RUN_GRADLEW] > Task :expo:compileReleaseKotlin
[RUN_GRADLEW] w: file:///tmp/colo/eas-build-local-nodejs/c5b71856-8247-4790-b62a-460cd4ad98fb/build/node_modules/expo/android/src/main/java/expo/modules/ReactActivityDelegateWrapper.kt:139:50 No cast needed
[RUN_GRADLEW] > Task :expo-modules-core:configureCMakeRelWithDebInfo[armeabi-v7a]
[RUN_GRADLEW] > Task :expo:extractReleaseAnnotations
[RUN_GRADLEW] > Task :expo:compileReleaseJavaWithJavac
[RUN_GRADLEW] > Task :expo:mergeReleaseGeneratedProguardFiles
[RUN_GRADLEW] > Task :expo:mergeReleaseConsumerProguardFiles
[RUN_GRADLEW] > Task :expo:processReleaseJavaRes
[RUN_GRADLEW] > Task :expo:mergeReleaseJavaResource
[RUN_GRADLEW] > Task :expo-updates:syncReleaseLibJars
[RUN_GRADLEW] > Task :expo:syncReleaseLibJars
[RUN_GRADLEW] > Task :expo:bundleReleaseLocalLintAar
[RUN_GRADLEW] > Task :expo-updates:bundleReleaseLocalLintAar
[RUN_GRADLEW] > Task :expo-modules-core:buildCMakeRelWithDebInfo[armeabi-v7a]
[RUN_GRADLEW] > Task :expo-modules-core:configureCMakeRelWithDebInfo[x86]
[RUN_GRADLEW] > Task :expo-modules-core:buildCMakeRelWithDebInfo[x86]
[RUN_GRADLEW] > Task :expo-modules-core:configureCMakeRelWithDebInfo[x86_64]
[RUN_GRADLEW] > Task :expo-modules-core:buildCMakeRelWithDebInfo[x86_64]
[RUN_GRADLEW] > Task :expo-modules-core:mergeReleaseJniLibFolders
[RUN_GRADLEW] > Task :expo-modules-core:extractDeepLinksForAarRelease
[RUN_GRADLEW] > Task :expo-modules-core:extractReleaseAnnotations
[RUN_GRADLEW] > Task :expo-modules-core:mergeReleaseGeneratedProguardFiles
[RUN_GRADLEW] > Task :expo-modules-core:mergeReleaseConsumerProguardFiles
[RUN_GRADLEW] > Task :expo-modules-core:mergeReleaseShaders
[RUN_GRADLEW] > Task :expo-modules-core:compileReleaseShaders NO-SOURCE
[RUN_GRADLEW] > Task :expo-modules-core:generateReleaseAssets UP-TO-DATE
[RUN_GRADLEW] > Task :expo-modules-core:packageReleaseAssets
[RUN_GRADLEW] > Task :expo-modules-core:prepareLintJarForPublish
[RUN_GRADLEW] > Task :expo-modules-core:prepareReleaseArtProfile
[RUN_GRADLEW] > Task :expo-modules-core:processReleaseJavaRes
[RUN_GRADLEW] > Task :expo-modules-core:writeReleaseAarMetadata
[RUN_GRADLEW] > Task :expo-manifests:mergeReleaseJniLibFolders
[RUN_GRADLEW] > Task :expo-modules-core:mergeReleaseJavaResource
[RUN_GRADLEW] > Task :expo-manifests:mergeReleaseNativeLibs NO-SOURCE
[RUN_GRADLEW] > Task :expo-modules-core:mergeReleaseNativeLibs
[RUN_GRADLEW] > Task :expo-modules-core:syncReleaseLibJars
[RUN_GRADLEW] > Task :expo-manifests:stripReleaseDebugSymbols NO-SOURCE
[RUN_GRADLEW] > Task :expo-manifests:copyReleaseJniLibsProjectAndLocalJars
[RUN_GRADLEW] > Task :expo-manifests:extractDeepLinksForAarRelease
[RUN_GRADLEW] > Task :expo-manifests:extractReleaseAnnotations
[RUN_GRADLEW] > Task :expo-manifests:mergeReleaseGeneratedProguardFiles
[RUN_GRADLEW] > Task :expo-manifests:mergeReleaseConsumerProguardFiles
[RUN_GRADLEW] > Task :expo-manifests:mergeReleaseShaders
[RUN_GRADLEW] > Task :expo-manifests:compileReleaseShaders NO-SOURCE
[RUN_GRADLEW] > Task :expo-manifests:generateReleaseAssets UP-TO-DATE
[RUN_GRADLEW] > Task :expo-manifests:packageReleaseAssets
[RUN_GRADLEW] > Task :expo-manifests:prepareLintJarForPublish
[RUN_GRADLEW] > Task :expo-manifests:prepareReleaseArtProfile
[RUN_GRADLEW] > Task :expo-manifests:processReleaseJavaRes
[RUN_GRADLEW] > Task :expo-manifests:writeReleaseAarMetadata
[RUN_GRADLEW] > Task :expo-manifests:mergeReleaseJavaResource
[RUN_GRADLEW] > Task :expo-json-utils:mergeReleaseJniLibFolders
[RUN_GRADLEW] > Task :expo-modules-core:stripReleaseDebugSymbols
[RUN_GRADLEW] > Task :expo-manifests:syncReleaseLibJars
[RUN_GRADLEW] > Task :expo-manifests:bundleReleaseLocalLintAar
[RUN_GRADLEW] > Task :expo-json-utils:mergeReleaseNativeLibs NO-SOURCE
[RUN_GRADLEW] > Task :expo-json-utils:stripReleaseDebugSymbols NO-SOURCE
[RUN_GRADLEW] > Task :expo-json-utils:copyReleaseJniLibsProjectAndLocalJars
[RUN_GRADLEW] > Task :expo-json-utils:extractDeepLinksForAarRelease
[RUN_GRADLEW] > Task :expo-json-utils:extractReleaseAnnotations
[RUN_GRADLEW] > Task :expo-modules-core:copyReleaseJniLibsProjectAndLocalJars
[RUN_GRADLEW] > Task :expo-json-utils:mergeReleaseGeneratedProguardFiles
[RUN_GRADLEW] > Task :expo-modules-core:bundleReleaseLocalLintAar
[RUN_GRADLEW] > Task :expo-json-utils:mergeReleaseConsumerProguardFiles
[RUN_GRADLEW] > Task :expo-json-utils:mergeReleaseShaders
[RUN_GRADLEW] > Task :expo-json-utils:compileReleaseShaders NO-SOURCE
[RUN_GRADLEW] > Task :expo-json-utils:generateReleaseAssets UP-TO-DATE
[RUN_GRADLEW] > Task :expo-json-utils:packageReleaseAssets
[RUN_GRADLEW] > Task :expo-json-utils:prepareLintJarForPublish
[RUN_GRADLEW] > Task :expo-json-utils:prepareReleaseArtProfile
[RUN_GRADLEW] > Task :expo-json-utils:processReleaseJavaRes
[RUN_GRADLEW] > Task :expo-json-utils:writeReleaseAarMetadata
[RUN_GRADLEW] > Task :expo-json-utils:mergeReleaseJavaResource
[RUN_GRADLEW] > Task :expo-updates-interface:mergeReleaseJniLibFolders
[RUN_GRADLEW] > Task :expo-json-utils:syncReleaseLibJars
[RUN_GRADLEW] > Task :expo-json-utils:bundleReleaseLocalLintAar
[RUN_GRADLEW] > Task :expo-updates-interface:mergeReleaseNativeLibs NO-SOURCE
[RUN_GRADLEW] > Task :expo-updates-interface:stripReleaseDebugSymbols NO-SOURCE
[RUN_GRADLEW] > Task :expo-updates-interface:copyReleaseJniLibsProjectAndLocalJars
[RUN_GRADLEW] > Task :expo-updates-interface:extractDeepLinksForAarRelease
[RUN_GRADLEW] > Task :expo-updates-interface:extractReleaseAnnotations
[RUN_GRADLEW] > Task :expo-updates-interface:mergeReleaseGeneratedProguardFiles
[RUN_GRADLEW] > Task :expo-updates-interface:mergeReleaseConsumerProguardFiles
[RUN_GRADLEW] > Task :expo-updates-interface:mergeReleaseShaders
[RUN_GRADLEW] > Task :expo-updates-interface:compileReleaseShaders NO-SOURCE
[RUN_GRADLEW] > Task :expo-updates-interface:generateReleaseAssets UP-TO-DATE
[RUN_GRADLEW] > Task :expo-updates-interface:packageReleaseAssets
[RUN_GRADLEW] > Task :expo-updates-interface:prepareLintJarForPublish
[RUN_GRADLEW] > Task :expo-updates-interface:prepareReleaseArtProfile
[RUN_GRADLEW] > Task :expo-updates-interface:processReleaseJavaRes NO-SOURCE
[RUN_GRADLEW] > Task :expo-updates-interface:mergeReleaseJavaResource
[RUN_GRADLEW] > Task :expo-updates-interface:writeReleaseAarMetadata
[RUN_GRADLEW] > Task :app:buildKotlinToolingMetadata
[RUN_GRADLEW] > Task :expo-updates-interface:syncReleaseLibJars
[RUN_GRADLEW] > Task :expo-updates-interface:bundleReleaseLocalLintAar
[RUN_GRADLEW] > Task :app:generateCodegenSchemaFromJavaScript SKIPPED
[RUN_GRADLEW] > Task :app:generateCodegenArtifactsFromSchema SKIPPED
[RUN_GRADLEW] > Task :app:generatePackageList
[RUN_GRADLEW] > Task :app:preBuild
[RUN_GRADLEW] > Task :app:preReleaseBuild
[RUN_GRADLEW] > Task :app:generateReleaseBuildConfig
[RUN_GRADLEW] > Task :app:checkReleaseAarMetadata
[RUN_GRADLEW] > Task :app:createBundleReleaseJsAndAssets
[RUN_GRADLEW] Writing bundle output to: /tmp/colo/eas-build-local-nodejs/c5b71856-8247-4790-b62a-460cd4ad98fb/build/android/app/build/generated/assets/createBundleReleaseJsAndAssets/index.android.bundle
[RUN_GRADLEW] Writing sourcemap output to: /tmp/colo/eas-build-local-nodejs/c5b71856-8247-4790-b62a-460cd4ad98fb/build/android/app/build/intermediates/sourcemaps/react/release/index.android.bundle.packager.map
[RUN_GRADLEW] Copying 15 asset files
[RUN_GRADLEW] Done writing bundle output
[RUN_GRADLEW] Done writing sourcemap output
[RUN_GRADLEW] > Task :app:generateReleaseResValues
[RUN_GRADLEW] > Task :app:mapReleaseSourceSetPaths
[RUN_GRADLEW] > Task :app:generateReleaseResources
[RUN_GRADLEW] > Task :app:packageReleaseResources
[RUN_GRADLEW] > Task :app:parseReleaseLocalResources
[RUN_GRADLEW] > Task :app:createReleaseCompatibleScreenManifests
[RUN_GRADLEW] > Task :app:extractDeepLinksRelease
[RUN_GRADLEW] > Task :expo:extractDeepLinksRelease
[RUN_GRADLEW] > Task :expo-barcode-scanner:extractDeepLinksRelease
[RUN_GRADLEW] > Task :expo-camera:extractDeepLinksRelease
[RUN_GRADLEW] > Task :expo-constants:extractDeepLinksRelease
[RUN_GRADLEW] > Task :expo-eas-client:extractDeepLinksRelease
[RUN_GRADLEW] > Task :expo-file-system:extractDeepLinksRelease
[RUN_GRADLEW] > Task :expo-font:extractDeepLinksRelease
[RUN_GRADLEW] > Task :expo-image-loader:extractDeepLinksRelease
[RUN_GRADLEW] > Task :expo-json-utils:extractDeepLinksRelease
[RUN_GRADLEW] > Task :expo-keep-awake:extractDeepLinksRelease
[RUN_GRADLEW] > Task :expo-manifests:extractDeepLinksRelease
[RUN_GRADLEW] > Task :expo-modules-core:extractDeepLinksRelease
[RUN_GRADLEW] > Task :expo-structured-headers:extractDeepLinksRelease
[RUN_GRADLEW] > Task :expo-updates:extractDeepLinksRelease
[RUN_GRADLEW] > Task :expo-updates-interface:extractDeepLinksRelease
[RUN_GRADLEW] > Task :react-native-async-storage_async-storage:extractDeepLinksRelease
[RUN_GRADLEW] > Task :react-native-gesture-handler:extractDeepLinksRelease
[RUN_GRADLEW] > Task :react-native-reanimated:extractDeepLinksRelease
[RUN_GRADLEW] > Task :react-native-safe-area-context:extractDeepLinksRelease
[RUN_GRADLEW] > Task :react-native-screens:extractDeepLinksRelease
[RUN_GRADLEW] > Task :app:processReleaseMainManifest
[RUN_GRADLEW] /tmp/colo/eas-build-local-nodejs/c5b71856-8247-4790-b62a-460cd4ad98fb/build/android/app/src/main/AndroidManifest.xml Warning:
[RUN_GRADLEW] 	provider#expo.modules.filesystem.FileSystemFileProvider@android:authorities was tagged at AndroidManifest.xml:0 to replace other declarations but no other declaration present
[RUN_GRADLEW] > Task :app:processReleaseManifest
[RUN_GRADLEW] > Task :expo:compileReleaseLibraryResources
[RUN_GRADLEW] > Task :expo-barcode-scanner:compileReleaseLibraryResources
[RUN_GRADLEW] > Task :expo-camera:compileReleaseLibraryResources
[RUN_GRADLEW] > Task :expo-constants:compileReleaseLibraryResources
[RUN_GRADLEW] > Task :expo-eas-client:compileReleaseLibraryResources
[RUN_GRADLEW] > Task :expo-file-system:compileReleaseLibraryResources
[RUN_GRADLEW] > Task :expo-font:compileReleaseLibraryResources
[RUN_GRADLEW] > Task :expo-image-loader:compileReleaseLibraryResources
[RUN_GRADLEW] > Task :expo-json-utils:compileReleaseLibraryResources
[RUN_GRADLEW] > Task :app:processReleaseManifestForPackage
[RUN_GRADLEW] > Task :expo-keep-awake:compileReleaseLibraryResources
[RUN_GRADLEW] > Task :expo-manifests:compileReleaseLibraryResources
[RUN_GRADLEW] > Task :expo-modules-core:compileReleaseLibraryResources
[RUN_GRADLEW] > Task :expo-structured-headers:compileReleaseLibraryResources
[RUN_GRADLEW] > Task :expo-updates:compileReleaseLibraryResources
[RUN_GRADLEW] > Task :expo-updates-interface:compileReleaseLibraryResources
[RUN_GRADLEW] > Task :react-native-async-storage_async-storage:compileReleaseLibraryResources
[RUN_GRADLEW] > Task :react-native-gesture-handler:compileReleaseLibraryResources
[RUN_GRADLEW] > Task :react-native-reanimated:compileReleaseLibraryResources
[RUN_GRADLEW] > Task :react-native-safe-area-context:compileReleaseLibraryResources
[RUN_GRADLEW] > Task :react-native-screens:compileReleaseLibraryResources
[RUN_GRADLEW] > Task :expo:bundleLibCompileToJarRelease
[RUN_GRADLEW] > Task :react-native-async-storage_async-storage:bundleLibCompileToJarRelease
[RUN_GRADLEW] > Task :react-native-safe-area-context:bundleLibCompileToJarRelease
[RUN_GRADLEW] > Task :react-native-gesture-handler:bundleLibCompileToJarRelease
[RUN_GRADLEW] > Task :react-native-screens:bundleLibCompileToJarRelease
[RUN_GRADLEW] > Task :app:javaPreCompileRelease
[RUN_GRADLEW] > Task :app:extractProguardFiles
[RUN_GRADLEW] > Task :expo:writeReleaseLintModelMetadata
[RUN_GRADLEW] > Task :expo:bundleLibRuntimeToJarRelease
[RUN_GRADLEW] > Task :expo-barcode-scanner:bundleLibRuntimeToJarRelease
[RUN_GRADLEW] > Task :expo:createFullJarRelease
[RUN_GRADLEW] > Task :expo-barcode-scanner:createFullJarRelease
[RUN_GRADLEW] > Task :expo-barcode-scanner:writeReleaseLintModelMetadata
[RUN_GRADLEW] > Task :expo-camera:writeReleaseLintModelMetadata
[RUN_GRADLEW] > Task :expo-constants:writeReleaseLintModelMetadata
[RUN_GRADLEW] > Task :expo-constants:bundleLibRuntimeToJarRelease
[RUN_GRADLEW] > Task :expo-eas-client:bundleLibRuntimeToJarRelease
[RUN_GRADLEW] > Task :expo-constants:createFullJarRelease
[RUN_GRADLEW] > Task :expo-eas-client:createFullJarRelease
[RUN_GRADLEW] > Task :expo-eas-client:writeReleaseLintModelMetadata
[RUN_GRADLEW] > Task :expo-camera:bundleLibRuntimeToJarRelease
[RUN_GRADLEW] > Task :expo-camera:createFullJarRelease
[RUN_GRADLEW] > Task :expo-file-system:bundleLibRuntimeToJarRelease
[RUN_GRADLEW] > Task :expo-file-system:writeReleaseLintModelMetadata
[RUN_GRADLEW] > Task :expo-file-system:createFullJarRelease
[RUN_GRADLEW] > Task :expo-font:writeReleaseLintModelMetadata
[RUN_GRADLEW] > Task :expo-font:bundleLibRuntimeToJarRelease
[RUN_GRADLEW] > Task :expo-font:createFullJarRelease
[RUN_GRADLEW] > Task :expo-image-loader:bundleLibRuntimeToJarRelease
[RUN_GRADLEW] > Task :expo-image-loader:writeReleaseLintModelMetadata
[RUN_GRADLEW] > Task :expo-image-loader:createFullJarRelease
[RUN_GRADLEW] > Task :expo-json-utils:bundleLibRuntimeToJarRelease
[RUN_GRADLEW] > Task :expo-json-utils:createFullJarRelease
[RUN_GRADLEW] > Task :expo-json-utils:writeReleaseLintModelMetadata
[RUN_GRADLEW] > Task :expo-keep-awake:writeReleaseLintModelMetadata
[RUN_GRADLEW] > Task :expo-keep-awake:bundleLibRuntimeToJarRelease
[RUN_GRADLEW] > Task :expo-manifests:bundleLibRuntimeToJarRelease
[RUN_GRADLEW] > Task :expo-keep-awake:createFullJarRelease
[RUN_GRADLEW] > Task :expo-manifests:createFullJarRelease
[RUN_GRADLEW] > Task :expo-manifests:writeReleaseLintModelMetadata
[RUN_GRADLEW] > Task :expo-modules-core:writeReleaseLintModelMetadata
[RUN_GRADLEW] > Task :expo-structured-headers:bundleLibRuntimeToJarRelease
[RUN_GRADLEW] > Task :expo-structured-headers:writeReleaseLintModelMetadata
[RUN_GRADLEW] > Task :expo-structured-headers:createFullJarRelease
[RUN_GRADLEW] > Task :expo-updates:writeReleaseLintModelMetadata
[RUN_GRADLEW] > Task :expo-updates-interface:bundleLibRuntimeToJarRelease
[RUN_GRADLEW] > Task :expo-updates-interface:createFullJarRelease
[RUN_GRADLEW] > Task :expo-updates-interface:writeReleaseLintModelMetadata
[RUN_GRADLEW] > Task :react-native-async-storage_async-storage:bundleLibRuntimeToJarRelease
[RUN_GRADLEW] > Task :react-native-async-storage_async-storage:writeReleaseLintModelMetadata
[RUN_GRADLEW] > Task :react-native-async-storage_async-storage:createFullJarRelease
[RUN_GRADLEW] > Task :react-native-gesture-handler:bundleLibRuntimeToJarRelease
[RUN_GRADLEW] > Task :react-native-gesture-handler:writeReleaseLintModelMetadata
[RUN_GRADLEW] > Task :expo-updates:bundleLibRuntimeToJarRelease
[RUN_GRADLEW] > Task :react-native-gesture-handler:createFullJarRelease
[RUN_GRADLEW] > Task :expo-modules-core:bundleLibRuntimeToJarRelease
[RUN_GRADLEW] > Task :expo-updates:createFullJarRelease
[RUN_GRADLEW] > Task :expo-modules-core:createFullJarRelease
[RUN_GRADLEW] > Task :react-native-reanimated:bundleLibRuntimeToJarRelease
[RUN_GRADLEW] > Task :react-native-reanimated:createFullJarRelease
[RUN_GRADLEW] > Task :react-native-reanimated:writeReleaseLintModelMetadata
[RUN_GRADLEW] > Task :react-native-safe-area-context:bundleLibRuntimeToJarRelease
[RUN_GRADLEW] > Task :app:mergeReleaseResources
[RUN_GRADLEW] > Task :react-native-safe-area-context:createFullJarRelease
[RUN_GRADLEW] > Task :react-native-safe-area-context:writeReleaseLintModelMetadata
[RUN_GRADLEW] > Task :react-native-screens:bundleLibRuntimeToJarRelease
[RUN_GRADLEW] > Task :react-native-screens:createFullJarRelease
[RUN_GRADLEW] > Task :react-native-screens:writeReleaseLintModelMetadata
[RUN_GRADLEW] > Task :app:mergeReleaseJniLibFolders
[RUN_GRADLEW] > Task :expo:copyReleaseJniLibsProjectOnly
[RUN_GRADLEW] > Task :expo-barcode-scanner:copyReleaseJniLibsProjectOnly
[RUN_GRADLEW] > Task :expo-camera:copyReleaseJniLibsProjectOnly
[RUN_GRADLEW] > Task :expo-constants:copyReleaseJniLibsProjectOnly
[RUN_GRADLEW] > Task :expo-eas-client:copyReleaseJniLibsProjectOnly
[RUN_GRADLEW] > Task :expo-file-system:copyReleaseJniLibsProjectOnly
[RUN_GRADLEW] > Task :expo-font:copyReleaseJniLibsProjectOnly
[RUN_GRADLEW] > Task :expo-image-loader:copyReleaseJniLibsProjectOnly
[RUN_GRADLEW] > Task :expo-json-utils:copyReleaseJniLibsProjectOnly
[RUN_GRADLEW] > Task :expo-keep-awake:copyReleaseJniLibsProjectOnly
[RUN_GRADLEW] > Task :expo-manifests:copyReleaseJniLibsProjectOnly
[RUN_GRADLEW] > Task :expo-modules-core:copyReleaseJniLibsProjectOnly
[RUN_GRADLEW] > Task :expo-structured-headers:copyReleaseJniLibsProjectOnly
[RUN_GRADLEW] > Task :expo-updates:copyReleaseJniLibsProjectOnly
[RUN_GRADLEW] > Task :expo-updates-interface:copyReleaseJniLibsProjectOnly
[RUN_GRADLEW] > Task :react-native-async-storage_async-storage:copyReleaseJniLibsProjectOnly
[RUN_GRADLEW] > Task :react-native-gesture-handler:copyReleaseJniLibsProjectOnly
[RUN_GRADLEW] > Task :react-native-reanimated:copyReleaseJniLibsProjectOnly
[RUN_GRADLEW] > Task :react-native-safe-area-context:copyReleaseJniLibsProjectOnly
[RUN_GRADLEW] > Task :react-native-screens:copyReleaseJniLibsProjectOnly
[RUN_GRADLEW] > Task :app:processReleaseResources
[RUN_GRADLEW] > Task :app:mergeReleaseNativeLibs
[RUN_GRADLEW] > Task :app:desugarReleaseFileDependencies
[RUN_GRADLEW] > Task :app:compileReleaseKotlin
[RUN_GRADLEW] > Task :app:mergeReleaseShaders
[RUN_GRADLEW] > Task :app:mergeReleaseArtProfile
[RUN_GRADLEW] > Task :app:checkReleaseDuplicateClasses
[RUN_GRADLEW] > Task :app:stripReleaseDebugSymbols
[RUN_GRADLEW] > Task :app:compileReleaseJavaWithJavac
[RUN_GRADLEW] > Task :app:extractReleaseNativeSymbolTables
[RUN_GRADLEW] > Task :app:dexBuilderRelease
[RUN_GRADLEW] > Task :app:lintVitalAnalyzeRelease
[RUN_GRADLEW] > Task :app:mergeReleaseGlobalSynthetics
[RUN_GRADLEW] > Task :app:compileReleaseShaders NO-SOURCE
[RUN_GRADLEW] > Task :app:lintVitalReportRelease
[RUN_GRADLEW] > Task :app:mergeReleaseNativeDebugMetadata
[RUN_GRADLEW] > Task :app:mergeExtDexRelease
[RUN_GRADLEW] > Task :app:createReleaseExpoManifest
[RUN_GRADLEW] > Task :app:lintVitalRelease
[RUN_GRADLEW] > Task :app:generateReleaseAssets UP-TO-DATE
[RUN_GRADLEW] > Task :app:mergeReleaseAssets
[RUN_GRADLEW] > Task :app:processReleaseJavaRes
[RUN_GRADLEW] > Task :app:compressReleaseAssets
[RUN_GRADLEW] > Task :app:collectReleaseDependencies
[RUN_GRADLEW] > Task :app:mergeReleaseJavaResource
[RUN_GRADLEW] > Task :app:sdkReleaseDependencyData
[RUN_GRADLEW] > Task :app:validateSigningRelease
[RUN_GRADLEW] > Task :app:writeReleaseAppMetadata
[RUN_GRADLEW] > Task :app:writeReleaseSigningConfigVersions
[RUN_GRADLEW] > Task :app:optimizeReleaseResources
[RUN_GRADLEW] > Task :app:mergeDexRelease
[RUN_GRADLEW] > Task :app:compileReleaseArtProfile
[RUN_GRADLEW] > Task :app:packageRelease
[RUN_GRADLEW] > Task :app:createReleaseApkListingFileRedirect
[RUN_GRADLEW] > Task :app:assembleRelease
[RUN_GRADLEW] Deprecated Gradle features were used in this build, making it incompatible with Gradle 9.0.
[RUN_GRADLEW] You can use '--warning-mode all' to show the individual deprecation warnings and determine if they come from your own scripts or plugins.
[RUN_GRADLEW] For more on this, please refer to https://docs.gradle.org/8.3/userguide/command_line_interface.html#sec:command_line_warnings in the Gradle documentation.
[RUN_GRADLEW] BUILD SUCCESSFUL in 3m 18s
[RUN_GRADLEW] 707 actionable tasks: 707 executed
[UPLOAD_APPLICATION_ARCHIVE] Application archives: /tmp/colo/eas-build-local-nodejs/c5b71856-8247-4790-b62a-460cd4ad98fb/build/android/app/build/outputs/apk/release/app-release.apk
[UPLOAD_APPLICATION_ARCHIVE] Uploading application archive...
[PREPARE_ARTIFACTS] Preparing artifacts
[PREPARE_ARTIFACTS] Writing artifacts to /home/colo/Desktop/testReactNative/gesca-scanner/build-1706643373540.apk

Build successful
You can find the build artifacts in /home/colo/Desktop/testReactNative/gesca-scanner/build-1706643373540.apk
